<html>
<body>
<pre>
<h1>µVision Build Log</h1>
<h2>Tool Versions:</h2>
IDE-Version: µVision V5.22.0.0
Copyright (C) 2016 ARM Ltd and ARM Germany GmbH. All rights reserved.
License Information: Dharmesh Savani, EmbDes , LIC=MPP74-FIWC8-XUJ41-CL5L3-F38T2-19MLY
 
Tool Versions:
Toolchain:       MDK-ARM Plus  Version: 5.22
Toolchain Path:  C:\Keil_v5\ARM\ARMCC\Bin
C Compiler:      Armcc.exe V5.06 update 4 (build 422)
Assembler:       Armasm.exe V5.06 update 4 (build 422)
Linker/Locator:  ArmLink.exe V5.06 update 4 (build 422)
Library Manager: ArmAr.exe V5.06 update 4 (build 422)
Hex Converter:   FromElf.exe V5.06 update 4 (build 422)
CPU DLL:         
Dialog DLL:      
Target DLL:      Segger\JL2CM3.dll V2.99.23.0
Dialog DLL:      TARMCM1.DLL V1.11.0.0
 
<h2>Project:</h2>
E:\MAX30102\PIG_HEALTH_MONITOR_V2.2.0\examples\ble_peripheral\ble_app_hrs\pca10028\s130_with_dfu\arm5_no_packs\ble_app_hrs_s130_with_dfu_pca10028.uvprojx
Project File Date:  06/14/2018

<h2>Output:</h2>
*** Using Compiler 'V5.06 update 4 (build 422)', folder: 'C:\Keil_v5\ARM\ARMCC\Bin'
Rebuild target 'nrf51422_xxac_s130'
compiling bsp_btn_ble.c...
compiling bsp.c...
compiling main.c...
..\..\..\config\ble_app_hrs_s130_with_dfu_pca10028\nrf_drv_config.h(43): warning:  #47-D: incompatible redefinition of macro "GPIOTE_CONFIG_IRQ_PRIORITY"  (declared at line 699 of "E:\prathapreddy\Nordik\nRF5_SDK_12.2.0_f012efa\examples\ble_peripheral\ble_app_hrs\pca10028\s130\config\sdk_config.h")
  #define GPIOTE_CONFIG_IRQ_PRIORITY APP_IRQ_PRIORITY_LOW
..\..\..\main.c(502): warning:  #177-D: variable "mode_en_config"  was declared but never referenced
  			 		uint8_t const mode_en_config[] = {0x06,0x0B};
..\..\..\main.c(503): warning:  #177-D: variable "spo2_en_config"  was declared but never referenced
  					uint8_t const spo2_en_config[] = {0x07,0x01};                  
..\..\..\main.c(448): warning:  #177-D: variable "spo2"  was declared but never referenced
  		uint32_t spo2;
..\..\..\main.c(991): warning:  #177-D: variable "gap_conn_params"  was declared but never referenced
               ble_gap_conn_params_t   gap_conn_params;
..\..\..\main.c: 5 warnings, 0 errors
compiling ble_advdata.c...
compiling ble_advertising.c...
..\..\..\..\..\..\components\ble\ble_advertising\ble_advertising.c(378): warning:  #550-D: variable "current_slave_link_conn_handle"  was set but never used
      static uint16_t current_slave_link_conn_handle = BLE_CONN_HANDLE_INVALID;
..\..\..\..\..\..\components\ble\ble_advertising\ble_advertising.c: 1 warning, 0 errors
compiling ble_bas.c...
compiling ble_conn_params.c...
compiling ble_dfu.c...
compiling ble_dis.c...
compiling ble_hrs.c...
compiling ble_srv_common.c...
compiling nrf_delay.c...
compiling app_uart_fifo.c...
compiling device_manager_peripheral.c...
compiling nrf_drv_common.c...
compiling nrf_drv_gpiote.c...
compiling nrf_drv_uart.c...
compiling pstorage.c...
compiling nrf_drv_twi.c...
compiling app_button.c...
compiling app_error.c...
compiling app_error_weak.c...
compiling app_fifo.c...
compiling app_trace.c...
compiling bootloader_util.c...
compiling app_timer.c...
compiling app_util_platform.c...
compiling dfu_app_handler.c...
compiling fstorage.c...
compiling nrf_assert.c...
compiling sensorsim.c...
compiling RTT_Syscalls_KEIL.c...
compiling retarget.c...
compiling nrf_log.c...
compiling SEGGER_RTT_printf.c...
compiling SEGGER_RTT.c...
assembling arm_startup_nrf51.s...
compiling system_nrf51.c...
compiling softdevice_handler.c...
linking...
Program Size: Code=23184 RO-data=600 RW-data=452 ZI-data=19716  
FromELF: creating hex file...
".\_build\nrf51422_xxac_s130.axf" - 0 Error(s), 6 Warning(s).

<h2>Software Packages used:</h2>

Package Vendor: ARM
                http://www.keil.com/pack/ARM.CMSIS.4.5.0.pack
                ARM::CMSIS:CORE:4.3.0
                CMSIS (Cortex Microcontroller Software Interface Standard)
   * Component: CORE Version: 4.3.0

Package Vendor: NordicSemiconductor
                http://developer.nordicsemi.com/nRF5_SDK/pieces/nRF_DeviceFamilyPack/NordicSemiconductor.nRF_DeviceFamilyPack.8.5.0.pack
                NordicSemiconductor::Device:Startup:8.5.0
                Nordic Semiconductor nRF ARM devices Device Family Pack.
   * Component: Startup Version: 8.5.0

<h2>Collection of Component include folders:</h2>
  E:\MAX30102\PIG_HEALTH_MONITOR_V2.2.0\examples\ble_peripheral\ble_app_hrs\pca10028\s130_with_dfu\arm5_no_packs\RTE\_nrf51422_xxac_s130
  C:\Keil_v5\ARM\PACK\ARM\CMSIS\4.5.0\CMSIS\Include
  C:\Keil_v5\ARM\PACK\NordicSemiconductor\nRF_DeviceFamilyPack\8.14.1\Device\Include
  C:\Keil_v5\ARM\PACK\NordicSemiconductor\nRF_DeviceFamilyPack\8.5.0\Device\Include

<h2>Collection of Component Files used:</h2>

   * Component: ARM::CMSIS:CORE:4.3.0

   * Component: NordicSemiconductor::Device:Startup:8.5.0
      Source file:   Device\Source\arm\arm_startup_nrf51.s
      Source file:   Device\Source\system_nrf51.c
      Include file:  Device\Include\system_nrf51.h
Build Time Elapsed:  00:00:11
</pre>
</body>
</html>
