Component: ARM Compiler 5.06 update 4 (build 422) Tool: armlink [4d35d2]

==============================================================================

Section Cross References

    main.o(i.LIS2DH12_INIT) refers to nrf_drv_twi.o(i.nrf_drv_twi_tx) for nrf_drv_twi_tx
    main.o(i.LIS2DH12_INIT) refers to app_error.o(i.app_error_handler_bare) for app_error_handler_bare
    main.o(i.LIS2DH12_INIT) refers to main.o(.data) for .data
    main.o(i.LIS2DH12_XYZ_read) refers to nrf_drv_twi.o(i.nrf_drv_twi_tx) for nrf_drv_twi_tx
    main.o(i.LIS2DH12_XYZ_read) refers to app_error.o(i.app_error_handler_bare) for app_error_handler_bare
    main.o(i.LIS2DH12_XYZ_read) refers to nrf_drv_twi.o(i.nrf_drv_twi_rx) for nrf_drv_twi_rx
    main.o(i.LIS2DH12_XYZ_read) refers to main.o(.data) for .data
    main.o(i.LIS2DH12_XYZ_read) refers to main.o(.bss) for .bss
    main.o(i.MAX30102_INIT) refers to nrf_drv_twi.o(i.nrf_drv_twi_tx) for nrf_drv_twi_tx
    main.o(i.MAX30102_INIT) refers to main.o(.emb_text) for __asm___6_main_c_tx_state__nrf_delay_us
    main.o(i.MAX30102_INIT) refers to app_error.o(i.app_error_handler_bare) for app_error_handler_bare
    main.o(i.MAX30102_INIT) refers to main.o(.data) for .data
    main.o(i.advertising_init) refers to memseta.o(.text) for __aeabi_memclr4
    main.o(i.advertising_init) refers to ble_advertising.o(i.ble_advertising_init) for ble_advertising_init
    main.o(i.advertising_init) refers to app_error.o(i.app_error_handler_bare) for app_error_handler_bare
    main.o(i.advertising_init) refers to main.o(.data) for .data
    main.o(i.advertising_init) refers to ble_hrs.o(.data) for adv_interval
    main.o(i.advertising_init) refers to main.o(i.on_adv_evt) for on_adv_evt
    main.o(i.app_context_load) refers to device_manager_peripheral.o(i.dm_application_context_get) for dm_application_context_get
    main.o(i.app_context_load) refers to app_error.o(i.app_error_handler_bare) for app_error_handler_bare
    main.o(i.app_context_load) refers to device_manager_peripheral.o(i.dm_application_context_delete) for dm_application_context_delete
    main.o(i.app_context_load) refers to main.o(.data) for .data
    main.o(i.ble_evt_dispatch) refers to device_manager_peripheral.o(i.dm_ble_evt_handler) for dm_ble_evt_handler
    main.o(i.ble_evt_dispatch) refers to ble_hrs.o(i.ble_hrs_on_ble_evt) for ble_hrs_on_ble_evt
    main.o(i.ble_evt_dispatch) refers to ble_conn_params.o(i.ble_conn_params_on_ble_evt) for ble_conn_params_on_ble_evt
    main.o(i.ble_evt_dispatch) refers to ble_dfu.o(i.ble_dfu_on_ble_evt) for ble_dfu_on_ble_evt
    main.o(i.ble_evt_dispatch) refers to main.o(i.on_ble_evt) for on_ble_evt
    main.o(i.ble_evt_dispatch) refers to ble_advertising.o(i.ble_advertising_on_ble_evt) for ble_advertising_on_ble_evt
    main.o(i.ble_evt_dispatch) refers to main.o(.bss) for .bss
    main.o(i.ble_stack_init) refers to softdevice_handler.o(i.softdevice_handler_init) for softdevice_handler_init
    main.o(i.ble_stack_init) refers to app_error.o(i.app_error_handler_bare) for app_error_handler_bare
    main.o(i.ble_stack_init) refers to softdevice_handler.o(i.softdevice_enable_get_default_config) for softdevice_enable_get_default_config
    main.o(i.ble_stack_init) refers to softdevice_handler.o(i.sd_check_ram_start) for sd_check_ram_start
    main.o(i.ble_stack_init) refers to softdevice_handler.o(i.softdevice_enable) for softdevice_enable
    main.o(i.ble_stack_init) refers to softdevice_handler.o(i.softdevice_ble_evt_handler_set) for softdevice_ble_evt_handler_set
    main.o(i.ble_stack_init) refers to softdevice_handler.o(i.softdevice_sys_evt_handler_set) for softdevice_sys_evt_handler_set
    main.o(i.ble_stack_init) refers to main.o(.constdata) for .constdata
    main.o(i.ble_stack_init) refers to main.o(.bss) for .bss
    main.o(i.ble_stack_init) refers to main.o(i.ble_evt_dispatch) for ble_evt_dispatch
    main.o(i.ble_stack_init) refers to main.o(i.sys_evt_dispatch) for sys_evt_dispatch
    main.o(i.bsp_event_handler) refers to main.o(i.sleep_mode_enter) for sleep_mode_enter
    main.o(i.bsp_event_handler) refers to app_error.o(i.app_error_handler_bare) for app_error_handler_bare
    main.o(i.bsp_event_handler) refers to ble_advertising.o(i.ble_advertising_restart_without_whitelist) for ble_advertising_restart_without_whitelist
    main.o(i.bsp_event_handler) refers to main.o(.data) for .data
    main.o(i.conn_params_error_handler) refers to app_error.o(i.app_error_handler_bare) for app_error_handler_bare
    main.o(i.device_manager_evt_handler) refers to app_error.o(i.app_error_handler_bare) for app_error_handler_bare
    main.o(i.device_manager_evt_handler) refers to main.o(i.app_context_load) for app_context_load
    main.o(i.device_manager_init) refers to pstorage.o(i.pstorage_init) for pstorage_init
    main.o(i.device_manager_init) refers to app_error.o(i.app_error_handler_bare) for app_error_handler_bare
[...]
    i.gattc_context_load                     0x0001e3fc   Section        0  device_manager_peripheral.o(i.gattc_context_load)
    gattc_context_load                       0x0001e3fd   Thumb Code     4  device_manager_peripheral.o(i.gattc_context_load)
    i.gattc_context_store                    0x0001e400   Section        0  device_manager_peripheral.o(i.gattc_context_store)
    gattc_context_store                      0x0001e401   Thumb Code     4  device_manager_peripheral.o(i.gattc_context_store)
    i.gatts_context_apply                    0x0001e404   Section        0  device_manager_peripheral.o(i.gatts_context_apply)
    gatts_context_apply                      0x0001e405   Thumb Code   160  device_manager_peripheral.o(i.gatts_context_apply)
    i.gatts_context_load                     0x0001e4b4   Section        0  device_manager_peripheral.o(i.gatts_context_load)
    gatts_context_load                       0x0001e4b5   Thumb Code    44  device_manager_peripheral.o(i.gatts_context_load)
    i.gatts_context_store                    0x0001e4e4   Section        0  device_manager_peripheral.o(i.gatts_context_store)
    gatts_context_store                      0x0001e4e5   Thumb Code   158  device_manager_peripheral.o(i.gatts_context_store)
    i.gattsc_context_apply                   0x0001e590   Section        0  device_manager_peripheral.o(i.gattsc_context_apply)
    gattsc_context_apply                     0x0001e591   Thumb Code     8  device_manager_peripheral.o(i.gattsc_context_apply)
    i.gattsc_context_load                    0x0001e598   Section        0  device_manager_peripheral.o(i.gattsc_context_load)
    gattsc_context_load                      0x0001e599   Thumb Code     8  device_manager_peripheral.o(i.gattsc_context_load)
    i.gattsc_context_store                   0x0001e5a0   Section        0  device_manager_peripheral.o(i.gattsc_context_store)
    gattsc_context_store                     0x0001e5a1   Thumb Code     8  device_manager_peripheral.o(i.gattsc_context_store)
    i.head_restore_state_run                 0x0001e5a8   Section        0  pstorage.o(i.head_restore_state_run)
    head_restore_state_run                   0x0001e5a9   Thumb Code   110  pstorage.o(i.head_restore_state_run)
    i.heart_rate_meas_timeout_handler        0x0001e620   Section        0  main.o(i.heart_rate_meas_timeout_handler)
    heart_rate_meas_timeout_handler          0x0001e621   Thumb Code   910  main.o(i.heart_rate_meas_timeout_handler)
    i.heart_rate_measurement_char_add        0x0001e9f4   Section        0  ble_hrs.o(i.heart_rate_measurement_char_add)
    heart_rate_measurement_char_add          0x0001e9f5   Thumb Code   172  ble_hrs.o(i.heart_rate_measurement_char_add)
    i.hrm_encode                             0x0001eaa4   Section        0  ble_hrs.o(i.hrm_encode)
    hrm_encode                               0x0001eaa5   Thumb Code   136  ble_hrs.o(i.hrm_encode)
    i.intern_softdevice_events_execute       0x0001eb2c   Section        0  softdevice_handler.o(i.intern_softdevice_events_execute)
    i.irq_handler_twi                        0x0001eba4   Section        0  nrf_drv_twi.o(i.irq_handler_twi)
    irq_handler_twi                          0x0001eba5   Thumb Code   184  nrf_drv_twi.o(i.irq_handler_twi)
    i.is_conn_params_ok                      0x0001ec64   Section        0  ble_conn_params.o(i.is_conn_params_ok)
    is_conn_params_ok                        0x0001ec65   Thumb Code    24  ble_conn_params.o(i.is_conn_params_ok)
    i.is_manual_peripheral_setup_needed      0x0001ec80   Section        0  system_nrf51.o(i.is_manual_peripheral_setup_needed)
    is_manual_peripheral_setup_needed        0x0001ec81   Thumb Code    66  system_nrf51.o(i.is_manual_peripheral_setup_needed)
    i.is_page_erase_required                 0x0001ecc8   Section        0  pstorage.o(i.is_page_erase_required)
    is_page_erase_required                   0x0001ecc9   Thumb Code    60  pstorage.o(i.is_page_erase_required)
    i.is_word_aligned                        0x0001ed0c   Section        0  pstorage.o(i.is_word_aligned)
    is_word_aligned                          0x0001ed0d   Thumb Code    12  pstorage.o(i.is_word_aligned)
    i.le_role_encode                         0x0001ed18   Section        0  ble_advdata.o(i.le_role_encode)
    le_role_encode                           0x0001ed19   Thumb Code    84  ble_advdata.o(i.le_role_encode)
    i.list_deletions_handler                 0x0001ed6c   Section        0  app_timer.o(i.list_deletions_handler)
    list_deletions_handler                   0x0001ed6d   Thumb Code   180  app_timer.o(i.list_deletions_handler)
    i.list_insertions_handler                0x0001ee28   Section        0  app_timer.o(i.list_insertions_handler)
    list_insertions_handler                  0x0001ee29   Thumb Code   202  app_timer.o(i.list_insertions_handler)
    i.main                                   0x0001eefc   Section        0  main.o(i.main)
    i.main_state_err_busy_process            0x0001f0f0   Section        0  pstorage.o(i.main_state_err_busy_process)
    main_state_err_busy_process              0x0001f0f1   Thumb Code    20  pstorage.o(i.main_state_err_busy_process)
    i.manuf_specific_data_encode             0x0001f108   Section        0  ble_advdata.o(i.manuf_specific_data_encode)
    manuf_specific_data_encode               0x0001f109   Thumb Code   104  ble_advdata.o(i.manuf_specific_data_encode)
    i.name_encode                            0x0001f170   Section        0  ble_advdata.o(i.name_encode)
    name_encode                              0x0001f171   Thumb Code   158  ble_advdata.o(i.name_encode)
    i.no_service_context_apply               0x0001f20e   Section        0  device_manager_peripheral.o(i.no_service_context_apply)
    no_service_context_apply                 0x0001f20f   Thumb Code     4  device_manager_peripheral.o(i.no_service_context_apply)
    i.no_service_context_load                0x0001f212   Section        0  device_manager_peripheral.o(i.no_service_context_load)
    no_service_context_load                  0x0001f213   Thumb Code     4  device_manager_peripheral.o(i.no_service_context_load)
    i.no_service_context_store               0x0001f216   Section        0  device_manager_peripheral.o(i.no_service_context_store)
    no_service_context_store                 0x0001f217   Thumb Code     4  device_manager_peripheral.o(i.no_service_context_store)
    i.nrf_delay_ms                           0x0001f21c   Section        0  nrf_delay.o(i.nrf_delay_ms)
    i.nrf_drv_common_irq_enable              0x0001f238   Section        0  nrf_drv_common.o(i.nrf_drv_common_irq_enable)
    i.nrf_drv_twi_disable                    0x0001f2b0   Section        0  nrf_drv_twi.o(i.nrf_drv_twi_disable)
    i.nrf_drv_twi_enable                     0x0001f308   Section        0  nrf_drv_twi.o(i.nrf_drv_twi_enable)
    i.nrf_drv_twi_init                       0x0001f340   Section        0  nrf_drv_twi.o(i.nrf_drv_twi_init)
    i.nrf_drv_twi_rx                         0x0001f3c8   Section        0  nrf_drv_twi.o(i.nrf_drv_twi_rx)
    i.nrf_drv_twi_tx                         0x0001f3ec   Section        0  nrf_drv_twi.o(i.nrf_drv_twi_tx)
    i.nrf_drv_twi_uninit                     0x0001f410   Section        0  nrf_drv_twi.o(i.nrf_drv_twi_uninit)
    i.nrf_drv_twi_xfer                       0x0001f468   Section        0  nrf_drv_twi.o(i.nrf_drv_twi_xfer)
    i.nrf_gpio_cfg_output                    0x0001f4c8   Section        0  main.o(i.nrf_gpio_cfg_output)
    nrf_gpio_cfg_output                      0x0001f4c9   Thumb Code    12  main.o(i.nrf_gpio_cfg_output)
    i.nrf_gpio_cfg_sense_set                 0x0001f4d8   Section        0  nrf_drv_gpiote.o(i.nrf_gpio_cfg_sense_set)
    nrf_gpio_cfg_sense_set                   0x0001f4d9   Thumb Code    26  nrf_drv_gpiote.o(i.nrf_gpio_cfg_sense_set)
    i.nrf_gpio_pin_clear                     0x0001f4f8   Section        0  main.o(i.nrf_gpio_pin_clear)
    nrf_gpio_pin_clear                       0x0001f4f9   Thumb Code    10  main.o(i.nrf_gpio_pin_clear)
    i.nrf_gpio_pin_set                       0x0001f508   Section        0  nrf_drv_twi.o(i.nrf_gpio_pin_set)
    nrf_gpio_pin_set                         0x0001f509   Thumb Code    10  nrf_drv_twi.o(i.nrf_gpio_pin_set)
    i.nrf_gpiote_event_is_set                0x0001f518   Section        0  nrf_drv_gpiote.o(i.nrf_gpiote_event_is_set)
    nrf_gpiote_event_is_set                  0x0001f519   Thumb Code    14  nrf_drv_gpiote.o(i.nrf_gpiote_event_is_set)
    i.nrf_twi_event_check                    0x0001f52c   Section        0  nrf_drv_twi.o(i.nrf_twi_event_check)
    nrf_twi_event_check                      0x0001f52d   Thumb Code    10  nrf_drv_twi.o(i.nrf_twi_event_check)
    i.nrf_uart_event_check                   0x0001f536   Section        0  nrf_drv_uart.o(i.nrf_uart_event_check)
    nrf_uart_event_check                     0x0001f537   Thumb Code    10  nrf_drv_uart.o(i.nrf_uart_event_check)
    i.nrf_uart_int_enable_check              0x0001f540   Section        0  nrf_drv_uart.o(i.nrf_uart_int_enable_check)
    nrf_uart_int_enable_check                0x0001f541   Thumb Code    16  nrf_drv_uart.o(i.nrf_uart_int_enable_check)
    i.on_adv_evt                             0x0001f550   Section        0  main.o(i.on_adv_evt)
    on_adv_evt                               0x0001f551   Thumb Code    32  main.o(i.on_adv_evt)
    i.on_ble_evt                             0x0001f570   Section        0  main.o(i.on_ble_evt)
    on_ble_evt                               0x0001f571   Thumb Code   216  main.o(i.on_ble_evt)
    i.on_conn_params_evt                     0x0001f664   Section        0  main.o(i.on_conn_params_evt)
    on_conn_params_evt                       0x0001f665   Thumb Code    26  main.o(i.on_conn_params_evt)
    i.on_ctrl_pt_write                       0x0001f684   Section        0  ble_dfu.o(i.on_ctrl_pt_write)
    on_ctrl_pt_write                         0x0001f685   Thumb Code   240  ble_dfu.o(i.on_ctrl_pt_write)
    i.on_write                               0x0001f774   Section        0  ble_hrs.o(i.on_write)
    on_write                                 0x0001f775   Thumb Code   214  ble_hrs.o(i.on_write)
    i.peer_address_exists                    0x0001f874   Section        0  ble_advertising.o(i.peer_address_exists)
    peer_address_exists                      0x0001f875   Thumb Code    22  ble_advertising.o(i.peer_address_exists)
    i.peer_instance_init                     0x0001f88c   Section        0  device_manager_peripheral.o(i.peer_instance_init)
    peer_instance_init                       0x0001f88d   Thumb Code    60  device_manager_peripheral.o(i.peer_instance_init)
    i.pstorage_access_status_get             0x0001f8cc   Section        0  pstorage.o(i.pstorage_access_status_get)
    i.pstorage_block_identifier_get          0x0001f8f4   Section        0  pstorage.o(i.pstorage_block_identifier_get)
    i.pstorage_clear                         0x0001f94c   Section        0  pstorage.o(i.pstorage_clear)
    i.pstorage_flash_page_end                0x0001f9f4   Section        0  pstorage.o(i.pstorage_flash_page_end)
    pstorage_flash_page_end                  0x0001f9f5   Thumb Code    32  pstorage.o(i.pstorage_flash_page_end)
    i.pstorage_flash_page_size               0x0001fa18   Section        0  pstorage.o(i.pstorage_flash_page_size)
    pstorage_flash_page_size                 0x0001fa19   Thumb Code    10  pstorage.o(i.pstorage_flash_page_size)
    i.pstorage_init                          0x0001fa24   Section        0  pstorage.o(i.pstorage_init)
    i.pstorage_load                          0x0001fa80   Section        0  pstorage.o(i.pstorage_load)
    i.pstorage_register                      0x0001fb2c   Section        0  pstorage.o(i.pstorage_register)
    i.pstorage_store                         0x0001fbe8   Section        0  pstorage.o(i.pstorage_store)
    i.pstorage_sys_event_handler             0x0001fc7c   Section        0  pstorage.o(i.pstorage_sys_event_handler)
    i.pstorage_update                        0x0001fcc8   Section        0  pstorage.o(i.pstorage_update)
    i.reset_prepare                          0x0001fd5c   Section        0  main.o(i.reset_prepare)
    reset_prepare                            0x0001fd5d   Thumb Code    66  main.o(i.reset_prepare)
    i.rtc1_stop                              0x0001fda8   Section        0  app_timer.o(i.rtc1_stop)
    rtc1_stop                                0x0001fda9   Thumb Code    50  app_timer.o(i.rtc1_stop)
    i.rx_byte                                0x0001fdec   Section        0  nrf_drv_uart.o(i.rx_byte)
    rx_byte                                  0x0001fded   Thumb Code    42  nrf_drv_uart.o(i.rx_byte)
    i.rx_done_event                          0x0001fe24   Section        0  nrf_drv_uart.o(i.rx_done_event)
    rx_done_event                            0x0001fe25   Thumb Code    22  nrf_drv_uart.o(i.rx_done_event)
    i.sd_check_ram_start                     0x0001fe40   Section        0  softdevice_handler.o(i.sd_check_ram_start)
    i.sd_nvic_EnableIRQ                      0x0001fe50   Section        0  softdevice_handler.o(i.sd_nvic_EnableIRQ)
    sd_nvic_EnableIRQ                        0x0001fe51   Thumb Code   116  softdevice_handler.o(i.sd_nvic_EnableIRQ)
    i.service_data_encode                    0x0001fedc   Section        0  ble_advdata.o(i.service_data_encode)
    service_data_encode                      0x0001fedd   Thumb Code   142  ble_advdata.o(i.service_data_encode)
    i.services_init                          0x0001ff6c   Section        0  main.o(i.services_init)
    services_init                            0x0001ff6d   Thumb Code   148  main.o(i.services_init)
    i.sleep_mode_enter                       0x00020010   Section        0  main.o(i.sleep_mode_enter)
    sleep_mode_enter                         0x00020011   Thumb Code    40  main.o(i.sleep_mode_enter)
    i.sm_state_change                        0x00020038   Section        0  pstorage.o(i.sm_state_change)
    sm_state_change                          0x00020039   Thumb Code    62  pstorage.o(i.sm_state_change)
    i.softdevice_ble_evt_handler_set         0x00020080   Section        0  softdevice_handler.o(i.softdevice_ble_evt_handler_set)
    i.softdevice_enable                      0x00020094   Section        0  softdevice_handler.o(i.softdevice_enable)
    i.softdevice_enable_get_default_config   0x000200a8   Section        0  softdevice_handler.o(i.softdevice_enable_get_default_config)
    i.softdevice_fault_handler               0x000200d0   Section        0  softdevice_handler.o(i.softdevice_fault_handler)
    i.softdevice_handler_init                0x000200d8   Section        0  softdevice_handler.o(i.softdevice_handler_init)
    i.softdevice_sys_evt_handler_set         0x0002010c   Section        0  softdevice_handler.o(i.softdevice_sys_evt_handler_set)
    i.state_data_erase_swap_entry_run        0x00020120   Section        0  pstorage.o(i.state_data_erase_swap_entry_run)
    state_data_erase_swap_entry_run          0x00020121   Thumb Code    92  pstorage.o(i.state_data_erase_swap_entry_run)
    i.state_erase_data_page_entry_run        0x00020184   Section        0  pstorage.o(i.state_erase_data_page_entry_run)
    state_erase_data_page_entry_run          0x00020185   Thumb Code    12  pstorage.o(i.state_erase_data_page_entry_run)
    i.state_restore_head_entry_run           0x00020194   Section        0  pstorage.o(i.state_restore_head_entry_run)
    state_restore_head_entry_run             0x00020195   Thumb Code    36  pstorage.o(i.state_restore_head_entry_run)
    i.state_restore_tail_entry_run           0x000201bc   Section        0  pstorage.o(i.state_restore_tail_entry_run)
    state_restore_tail_entry_run             0x000201bd   Thumb Code    66  pstorage.o(i.state_restore_tail_entry_run)
    i.state_swap_erase_entry_run             0x00020208   Section        0  pstorage.o(i.state_swap_erase_entry_run)
    state_swap_erase_entry_run               0x00020209   Thumb Code    32  pstorage.o(i.state_swap_erase_entry_run)
    i.state_write_data_swap_entry_run        0x00020228   Section        0  pstorage.o(i.state_write_data_swap_entry_run)
    state_write_data_swap_entry_run          0x00020229   Thumb Code    42  pstorage.o(i.state_write_data_swap_entry_run)
    i.storage_operation_dummy_handler        0x00020258   Section        0  device_manager_peripheral.o(i.storage_operation_dummy_handler)
    storage_operation_dummy_handler          0x00020259   Thumb Code     4  device_manager_peripheral.o(i.storage_operation_dummy_handler)
    i.store_cmd_flash_write_execute          0x0002025c   Section        0  pstorage.o(i.store_cmd_flash_write_execute)
    store_cmd_flash_write_execute            0x0002025d   Thumb Code    82  pstorage.o(i.store_cmd_flash_write_execute)
    i.swap_erase_state_run                   0x000202b8   Section        0  pstorage.o(i.swap_erase_state_run)
    swap_erase_state_run                     0x000202b9   Thumb Code    24  pstorage.o(i.swap_erase_state_run)
    i.swap_sub_state_err_busy_process        0x000202d4   Section        0  pstorage.o(i.swap_sub_state_err_busy_process)
    swap_sub_state_err_busy_process          0x000202d5   Thumb Code    20  pstorage.o(i.swap_sub_state_err_busy_process)
    i.swap_sub_state_state_change            0x000202ec   Section        0  pstorage.o(i.swap_sub_state_state_change)
    swap_sub_state_state_change              0x000202ed   Thumb Code    12  pstorage.o(i.swap_sub_state_state_change)
    i.sys_evt_dispatch                       0x00020300   Section        0  main.o(i.sys_evt_dispatch)
    sys_evt_dispatch                         0x00020301   Thumb Code    16  main.o(i.sys_evt_dispatch)
    i.tail_restore_state_run                 0x00020310   Section        0  pstorage.o(i.tail_restore_state_run)
    tail_restore_state_run                   0x00020311   Thumb Code    22  pstorage.o(i.tail_restore_state_run)
    i.timer_list_handler                     0x0002032c   Section        0  app_timer.o(i.timer_list_handler)
    timer_list_handler                       0x0002032d   Thumb Code   128  app_timer.o(i.timer_list_handler)
    i.timer_list_handler_sched               0x000203b0   Section        0  app_timer.o(i.timer_list_handler_sched)
    timer_list_handler_sched                 0x000203b1   Thumb Code    10  app_timer.o(i.timer_list_handler_sched)
    i.timer_list_insert                      0x000203c0   Section        0  app_timer.o(i.timer_list_insert)
    timer_list_insert                        0x000203c1   Thumb Code    60  app_timer.o(i.timer_list_insert)
    i.timer_timeouts_check                   0x00020400   Section        0  app_timer.o(i.timer_timeouts_check)
    timer_timeouts_check                     0x00020401   Thumb Code   118  app_timer.o(i.timer_timeouts_check)
    i.twi_clear_bus                          0x00020480   Section        0  nrf_drv_twi.o(i.twi_clear_bus)
    twi_clear_bus                            0x00020481   Thumb Code   138  nrf_drv_twi.o(i.twi_clear_bus)
    i.twi_rx_start_transfer                  0x00020518   Section        0  nrf_drv_twi.o(i.twi_rx_start_transfer)
    twi_rx_start_transfer                    0x00020519   Thumb Code   134  nrf_drv_twi.o(i.twi_rx_start_transfer)
    i.twi_send_byte                          0x000205a4   Section        0  nrf_drv_twi.o(i.twi_send_byte)
    twi_send_byte                            0x000205a5   Thumb Code    46  nrf_drv_twi.o(i.twi_send_byte)
    i.twi_transfer                           0x000205d2   Section        0  nrf_drv_twi.o(i.twi_transfer)
    twi_transfer                             0x000205d3   Thumb Code   262  nrf_drv_twi.o(i.twi_transfer)
    i.twi_tx_start_transfer                  0x000206d8   Section        0  nrf_drv_twi.o(i.twi_tx_start_transfer)
    twi_tx_start_transfer                    0x000206d9   Thumb Code   136  nrf_drv_twi.o(i.twi_tx_start_transfer)
    i.twi_xfer                               0x00020764   Section        0  nrf_drv_twi.o(i.twi_xfer)
    twi_xfer                                 0x00020765   Thumb Code   140  nrf_drv_twi.o(i.twi_xfer)
    i.tx_byte                                0x000207f0   Section        0  nrf_drv_uart.o(i.tx_byte)
    tx_byte                                  0x000207f1   Thumb Code    30  nrf_drv_uart.o(i.tx_byte)
    i.tx_done_event                          0x0002081c   Section        0  nrf_drv_uart.o(i.tx_done_event)
    tx_done_event                            0x0002081d   Thumb Code    26  nrf_drv_uart.o(i.tx_done_event)
    i.uart_irq_handler                       0x0002083c   Section        0  nrf_drv_uart.o(i.uart_irq_handler)
    uart_irq_handler                         0x0002083d   Thumb Code   278  nrf_drv_uart.o(i.uart_irq_handler)
    i.uint16_encode                          0x00020964   Section        0  ble_advdata.o(i.uint16_encode)
    uint16_encode                            0x00020965   Thumb Code    10  ble_advdata.o(i.uint16_encode)
    i.update_status_bit_reset                0x00020970   Section        0  device_manager_peripheral.o(i.update_status_bit_reset)
    update_status_bit_reset                  0x00020971   Thumb Code    14  device_manager_peripheral.o(i.update_status_bit_reset)
    i.update_timeout_handler                 0x00020984   Section        0  ble_conn_params.o(i.update_timeout_handler)
    update_timeout_handler                   0x00020985   Thumb Code    86  ble_conn_params.o(i.update_timeout_handler)
    i.user_id_get                            0x000209e8   Section        0  app_timer.o(i.user_id_get)
    user_id_get                              0x000209e9   Thumb Code    76  app_timer.o(i.user_id_get)
    i.user_op_alloc                          0x00020a3c   Section        0  app_timer.o(i.user_op_alloc)
    user_op_alloc                            0x00020a3d   Thumb Code    38  app_timer.o(i.user_op_alloc)
    i.uuid_list_encode                       0x00020a62   Section        0  ble_advdata.o(i.uuid_list_encode)
    uuid_list_encode                         0x00020a63   Thumb Code    48  ble_advdata.o(i.uuid_list_encode)
    i.uuid_list_sized_encode                 0x00020a92   Section        0  ble_advdata.o(i.uuid_list_sized_encode)
    uuid_list_sized_encode                   0x00020a93   Thumb Code   174  ble_advdata.o(i.uuid_list_sized_encode)
    i.whitelist_has_entries                  0x00020b40   Section        0  ble_advertising.o(i.whitelist_has_entries)
    whitelist_has_entries                    0x00020b41   Thumb Code    16  ble_advertising.o(i.whitelist_has_entries)
    .constdata                               0x00020b50   Section       40  main.o(.constdata)
    m_heart_rate_timer_id                    0x00020b50   Data           4  main.o(.constdata)
    .constdata                               0x00020b78   Section       60  bsp.o(.constdata)
    m_leds_timer_id                          0x00020b78   Data           4  bsp.o(.constdata)
    m_alert_timer_id                         0x00020b7c   Data           4  bsp.o(.constdata)
    m_button_timer_id                        0x00020b80   Data           4  bsp.o(.constdata)
    m_buttons_list                           0x00020b84   Data          16  bsp.o(.constdata)
    app_buttons                              0x00020b94   Data          32  bsp.o(.constdata)
    .constdata                               0x00020bb4   Section        4  ble_conn_params.o(.constdata)
    m_conn_params_timer_id                   0x00020bb4   Data           4  ble_conn_params.o(.constdata)
    .constdata                               0x00020bb8   Section       16  ble_dfu.o(.constdata)
    .constdata                               0x00020bc8   Section       52  device_manager_peripheral.o(.constdata)
    .constdata                               0x00020bfc   Section       40  pstorage.o(.constdata)
    swap_sub_state_sm_lut                    0x00020bfc   Data          20  pstorage.o(.constdata)
    swap_sub_state_sm_lut                    0x00020c10   Data          20  pstorage.o(.constdata)
    .constdata                               0x00020c24   Section       28  nrf_drv_twi.o(.constdata)
    m_default_config                         0x00020c24   Data          16  nrf_drv_twi.o(.constdata)
    .conststring                             0x00020c40   Section       65  nrf_drv_common.o(.conststring)
    .conststring                             0x00020c84   Section       66  nrf_drv_twi.o(.conststring)
    .data                                    0x20002080   Section       44  main.o(.data)
    m_app_handle                             0x2000208c   Data           1  main.o(.data)
    m_conn_handle                            0x20002096   Data           2  main.o(.data)
    m_adv_uuids                              0x20002098   Data           4  main.o(.data)
    i                                        0x2000209c   Data           4  main.o(.data)
    context_data                             0x200020a0   Data           4  main.o(.data)
    m_twi                                    0x200020a4   Data           8  main.o(.data)
    .data                                    0x200020ac   Section        1  main.o(.data)
    .data                                    0x200020b0   Section       32  main.o(.data)
    m_heart_rate_timer_id_data               0x200020b0   Data          32  main.o(.data)
    .data                                    0x200020d0   Section       24  bsp.o(.data)
    m_stable_state                           0x200020d0   Data           1  bsp.o(.data)
    current_long_push_pin_no                 0x200020d1   Data           1  bsp.o(.data)
    m_app_ticks_per_100ms                    0x200020d4   Data           4  bsp.o(.data)
    m_indication_type                        0x200020d8   Data           4  bsp.o(.data)
    m_alert_mask                             0x200020dc   Data           4  bsp.o(.data)
    m_registered_callback                    0x200020e0   Data           4  bsp.o(.data)
    release_event_at_push                    0x200020e4   Data           4  bsp.o(.data)
    .data                                    0x200020e8   Section       32  bsp.o(.data)
    m_leds_timer_id_data                     0x200020e8   Data          32  bsp.o(.data)
    .data                                    0x20002108   Section       32  bsp.o(.data)
    m_alert_timer_id_data                    0x20002108   Data          32  bsp.o(.data)
    .data                                    0x20002128   Section       32  bsp.o(.data)
    m_button_timer_id_data                   0x20002128   Data          32  bsp.o(.data)
    .data                                    0x20002148   Section       31  ble_advertising.o(.data)
    m_advertising_start_pending              0x20002148   Data           1  ble_advertising.o(.data)
    m_whitelist_temporarily_disabled         0x20002149   Data           1  ble_advertising.o(.data)
    m_whitelist_reply_expected               0x2000214a   Data           1  ble_advertising.o(.data)
    m_peer_addr_reply_expected               0x2000214b   Data           1  ble_advertising.o(.data)
    m_adv_evt                                0x2000214c   Data           1  ble_advertising.o(.data)
    m_adv_mode_current                       0x2000214d   Data           1  ble_advertising.o(.data)
    m_tx_power_level                         0x2000214e   Data           1  ble_advertising.o(.data)
    current_slave_link_conn_handle           0x20002150   Data           2  ble_advertising.o(.data)
    m_evt_handler                            0x20002154   Data           4  ble_advertising.o(.data)
    m_error_handler                          0x20002158   Data           4  ble_advertising.o(.data)
    m_slave_conn_int                         0x2000215c   Data           4  ble_advertising.o(.data)
    m_peer_address                           0x20002160   Data           7  ble_advertising.o(.data)
    .data                                    0x20002168   Section       32  ble_conn_params.o(.data)
    m_conn_params_timer_id_data              0x20002168   Data          32  ble_conn_params.o(.data)
    .data                                    0x20002188   Section       20  ble_conn_params.o(.data)
    m_change_param                           0x20002188   Data           1  ble_conn_params.o(.data)
    m_update_count                           0x20002189   Data           1  ble_conn_params.o(.data)
    m_conn_handle                            0x2000218a   Data           2  ble_conn_params.o(.data)
    m_preferred_conn_params                  0x2000218c   Data           8  ble_conn_params.o(.data)
    m_current_conn_params                    0x20002194   Data           8  ble_conn_params.o(.data)
    .data                                    0x2000219c   Section        8  ble_dfu.o(.data)
    m_is_dfu_service_initialized             0x2000219c   Data           1  ble_dfu.o(.data)
    m_notif_buffer                           0x2000219d   Data           7  ble_dfu.o(.data)
    .data                                    0x200021a4   Section       28  ble_hrs.o(.data)
    .data                                    0x200021c0   Section       24  device_manager_peripheral.o(.data)
    m_module_initialized                     0x200021c0   Data           1  device_manager_peripheral.o(.data)
    m_peer_addr_update                       0x200021c4   Data           4  device_manager_peripheral.o(.data)
    m_irk_index_table                        0x200021c8   Data           7  device_manager_peripheral.o(.data)
    m_storage_handle                         0x200021d0   Data           8  device_manager_peripheral.o(.data)
    .data                                    0x200021d8   Section       36  pstorage.o(.data)
    m_state                                  0x200021d8   Data           1  pstorage.o(.data)
    m_swap_sub_state                         0x200021d9   Data           1  pstorage.o(.data)
    m_next_app_instance                      0x200021da   Data           2  pstorage.o(.data)
    m_flags                                  0x200021dc   Data           4  pstorage.o(.data)
    m_next_page_addr                         0x200021e0   Data           4  pstorage.o(.data)
    m_head_word_size                         0x200021e4   Data           4  pstorage.o(.data)
    m_tail_word_size                         0x200021e8   Data           4  pstorage.o(.data)
    m_current_page_id                        0x200021ec   Data           4  pstorage.o(.data)
    m_num_of_command_retries                 0x200021f0   Data           4  pstorage.o(.data)
    m_num_of_bytes_written                   0x200021f4   Data           4  pstorage.o(.data)
    m_app_data_size                          0x200021f8   Data           4  pstorage.o(.data)
    .data                                    0x200021fc   Section       32  app_timer.o(.data)
    m_user_array_size                        0x200021fc   Data           1  app_timer.o(.data)
    m_ticks_elapsed_q_read_ind               0x200021fd   Data           1  app_timer.o(.data)
    m_ticks_elapsed_q_write_ind              0x200021fe   Data           1  app_timer.o(.data)
    m_rtc1_running                           0x200021ff   Data           1  app_timer.o(.data)
    m_rtc1_reset                             0x20002200   Data           1  app_timer.o(.data)
    mp_users                                 0x20002204   Data           4  app_timer.o(.data)
    mp_timer_id_head                         0x20002208   Data           4  app_timer.o(.data)
    m_ticks_latest                           0x2000220c   Data           4  app_timer.o(.data)
    m_evt_schedule_func                      0x20002210   Data           4  app_timer.o(.data)
    m_ticks_elapsed                          0x20002214   Data           8  app_timer.o(.data)
    .data                                    0x2000221c   Section        8  dfu_app_handler.o(.data)
    m_reset_prepare                          0x2000221c   Data           4  dfu_app_handler.o(.data)
    m_dm_handle                              0x20002220   Data           4  dfu_app_handler.o(.data)
    .data                                    0x20002224   Section       28  softdevice_handler.o(.data)
    m_softdevice_enabled                     0x20002224   Data           1  softdevice_handler.o(.data)
    m_ble_evt_buffer_size                    0x20002226   Data           2  softdevice_handler.o(.data)
    m_evt_schedule_func                      0x20002228   Data           4  softdevice_handler.o(.data)
    mp_ble_evt_buffer                        0x2000222c   Data           4  softdevice_handler.o(.data)
    m_ble_evt_handler                        0x20002230   Data           4  softdevice_handler.o(.data)
    m_sys_evt_handler                        0x20002234   Data           4  softdevice_handler.o(.data)
    .data                                    0x20002240   Section        4  system_nrf51.o(.data)
    __tagsym$$used                           0x20002240   Number         0  system_nrf51.o(.data)
    .bss                                     0x20002244   Section    16112  main.o(.bss)
    APP_TIMER_BUF                            0x20005e08   Data         600  main.o(.bss)
    BLE_EVT_BUFFER                           0x20006060   Data          72  main.o(.bss)
    m_buffer                                 0x200060a8   Data          12  main.o(.bss)
    m_hrs                                    0x200060b4   Data          80  main.o(.bss)
    m_dfus                                   0x20006104   Data          48  main.o(.bss)
    .bss                                     0x20006134   Section       12  bsp.o(.bss)
    m_events_list                            0x20006134   Data          12  bsp.o(.bss)
    .bss                                     0x20006140   Section      259  ble_advertising.o(.bss)
    m_advdata                                0x20006140   Data          56  ble_advertising.o(.bss)
    m_adv_modes_config                       0x20006178   Data          36  ble_advertising.o(.bss)
    m_whitelist                              0x2000619c   Data          16  ble_advertising.o(.bss)
    mp_whitelist_addr                        0x200061ac   Data          32  ble_advertising.o(.bss)
    mp_whitelist_irk                         0x200061cc   Data          32  ble_advertising.o(.bss)
    m_manuf_specific_data                    0x200061ec   Data          12  ble_advertising.o(.bss)
    m_manuf_data_array                       0x200061f8   Data          31  ble_advertising.o(.bss)
    m_service_data                           0x20006218   Data          12  ble_advertising.o(.bss)
    m_service_data_array                     0x20006224   Data          31  ble_advertising.o(.bss)
    .bss                                     0x20006244   Section       28  ble_conn_params.o(.bss)
    m_conn_params_config                     0x20006244   Data          28  ble_conn_params.o(.bss)
    .bss                                     0x20006260   Section      335  device_manager_peripheral.o(.bss)
    m_app_context_table                      0x20006260   Data          28  device_manager_peripheral.o(.bss)
    m_peer_table                             0x2000627c   Data         196  device_manager_peripheral.o(.bss)
    m_bond_table                             0x20006340   Data          28  device_manager_peripheral.o(.bss)
    m_gatts_table                            0x2000635c   Data          36  device_manager_peripheral.o(.bss)
    m_connection_table                       0x20006380   Data          12  device_manager_peripheral.o(.bss)
    m_application_table                      0x2000638c   Data          12  device_manager_peripheral.o(.bss)
    m_local_id_info                          0x20006398   Data          23  device_manager_peripheral.o(.bss)
    .bss                                     0x200063b0   Section       72  nrf_drv_gpiote.o(.bss)
    m_cb                                     0x200063b0   Data          72  nrf_drv_gpiote.o(.bss)
    .bss                                     0x200063f8   Section       28  nrf_drv_uart.o(.bss)
    m_cb                                     0x200063f8   Data          28  nrf_drv_uart.o(.bss)
    .bss                                     0x20006414   Section      628  pstorage.o(.bss)
    m_cmd_queue                              0x20006414   Data         604  pstorage.o(.bss)
    m_app_table                              0x20006670   Data          24  pstorage.o(.bss)
    .bss                                     0x20006688   Section       40  nrf_drv_twi.o(.bss)
    m_cb                                     0x20006688   Data          40  nrf_drv_twi.o(.bss)
    .bss                                     0x200066b0   Section       60  dfu_app_handler.o(.bss)
    m_peer_data                              0x200066b0   Data          60  dfu_app_handler.o(.bss)
    .bss                                     0x200066ec   Section       88  fstorage.o(.bss)
    m_queue                                  0x200066ec   Data          88  fstorage.o(.bss)
    STACK                                    0x20006748   Section     2048  arm_startup_nrf51.o(STACK)

    Global Symbols

    Symbol Name                              Value     Ov Type        Size  Object(Section)

    BuildAttributes$$THM_ISAv3M$S$PE$A:L22$X:L11$S22$IEEE1$IW$USESV6$~STKCKD$USESV7$~SHL$OSPACE$ROPI$EBA8$MICROLIB$REQ8$PRES8$EABIv2 0x00000000   Number         0  anon$$obj.o ABSOLUTE
    __ARM_use_no_argv                        0x00000000   Number         0  main.o ABSOLUTE
    __cpp_initialize__aeabi_                  - Undefined Weak Reference
    __cxa_finalize                            - Undefined Weak Reference
    _clock_init                               - Undefined Weak Reference
    _microlib_exit                            - Undefined Weak Reference
    fs_data$$Base                             - Undefined Reference
    fs_data$$Limit                            - Undefined Reference
    __Vectors_Size                           0x000000c0   Number         0  arm_startup_nrf51.o ABSOLUTE
    __Vectors                                0x0001b000   Data           4  arm_startup_nrf51.o(RESET)
    __Vectors_End                            0x0001b0c0   Data           0  arm_startup_nrf51.o(RESET)
    __main                                   0x0001b0c1   Thumb Code     0  entry.o(.ARM.Collect$$$$00000000)
    _main_stk                                0x0001b0c1   Thumb Code     0  entry2.o(.ARM.Collect$$$$00000001)
    _main_scatterload                        0x0001b0c5   Thumb Code     0  entry5.o(.ARM.Collect$$$$00000004)
    __main_after_scatterload                 0x0001b0c9   Thumb Code     0  entry5.o(.ARM.Collect$$$$00000004)
    _main_clock                              0x0001b0c9   Thumb Code     0  entry7b.o(.ARM.Collect$$$$00000008)
    _main_cpp_init                           0x0001b0c9   Thumb Code     0  entry8b.o(.ARM.Collect$$$$0000000A)
    _main_init                               0x0001b0c9   Thumb Code     0  entry9a.o(.ARM.Collect$$$$0000000B)
    __rt_final_cpp                           0x0001b0d1   Thumb Code     0  entry10a.o(.ARM.Collect$$$$0000000D)
    __rt_final_exit                          0x0001b0d1   Thumb Code     0  entry11a.o(.ARM.Collect$$$$0000000F)
    __asm___6_main_c_tx_state__nrf_delay_us  0x0001b0d5   Thumb Code    30  main.o(.emb_text)
    __asm___11_nrf_delay_c_532987f3__nrf_delay_us 0x0001b0f5   Thumb Code    30  nrf_delay.o(.emb_text)
    __asm___13_nrf_drv_twi_c_a9bcf68d__nrf_delay_us 0x0001b115   Thumb Code    30  nrf_drv_twi.o(.emb_text)
    __asm___11_app_timer_c_cd27f9c3__nrf_delay_us 0x0001b135   Thumb Code    30  app_timer.o(.emb_text)
    __asm___17_bootloader_util_c_c13d365c__bootloader_util_reset 0x0001b155   Thumb Code    52  bootloader_util.o(.emb_text)
    Reset_Handler                            0x0001b189   Thumb Code    26  arm_startup_nrf51.o(.text)
    NMI_Handler                              0x0001b1a3   Thumb Code     2  arm_startup_nrf51.o(.text)
    HardFault_Handler                        0x0001b1a5   Thumb Code     2  arm_startup_nrf51.o(.text)
    SVC_Handler                              0x0001b1a7   Thumb Code     2  arm_startup_nrf51.o(.text)
    PendSV_Handler                           0x0001b1a9   Thumb Code     2  arm_startup_nrf51.o(.text)
    SysTick_Handler                          0x0001b1ab   Thumb Code     2  arm_startup_nrf51.o(.text)
    ADC_IRQHandler                           0x0001b1ad   Thumb Code     0  arm_startup_nrf51.o(.text)
    CCM_AAR_IRQHandler                       0x0001b1ad   Thumb Code     0  arm_startup_nrf51.o(.text)
    ECB_IRQHandler                           0x0001b1ad   Thumb Code     0  arm_startup_nrf51.o(.text)
    LPCOMP_IRQHandler                        0x0001b1ad   Thumb Code     0  arm_startup_nrf51.o(.text)
    POWER_CLOCK_IRQHandler                   0x0001b1ad   Thumb Code     0  arm_startup_nrf51.o(.text)
    QDEC_IRQHandler                          0x0001b1ad   Thumb Code     0  arm_startup_nrf51.o(.text)
    RADIO_IRQHandler                         0x0001b1ad   Thumb Code     0  arm_startup_nrf51.o(.text)
    RNG_IRQHandler                           0x0001b1ad   Thumb Code     0  arm_startup_nrf51.o(.text)
    RTC0_IRQHandler                          0x0001b1ad   Thumb Code     0  arm_startup_nrf51.o(.text)
    SPI1_TWI1_IRQHandler                     0x0001b1ad   Thumb Code     0  arm_startup_nrf51.o(.text)
    SWI1_IRQHandler                          0x0001b1ad   Thumb Code     0  arm_startup_nrf51.o(.text)
    SWI3_IRQHandler                          0x0001b1ad   Thumb Code     0  arm_startup_nrf51.o(.text)
    SWI4_IRQHandler                          0x0001b1ad   Thumb Code     0  arm_startup_nrf51.o(.text)
    SWI5_IRQHandler                          0x0001b1ad   Thumb Code     0  arm_startup_nrf51.o(.text)
    TEMP_IRQHandler                          0x0001b1ad   Thumb Code     0  arm_startup_nrf51.o(.text)
    TIMER0_IRQHandler                        0x0001b1ad   Thumb Code     0  arm_startup_nrf51.o(.text)
    TIMER1_IRQHandler                        0x0001b1ad   Thumb Code     0  arm_startup_nrf51.o(.text)
    TIMER2_IRQHandler                        0x0001b1ad   Thumb Code     0  arm_startup_nrf51.o(.text)
    WDT_IRQHandler                           0x0001b1ad   Thumb Code     0  arm_startup_nrf51.o(.text)
    __aeabi_uidiv                            0x0001b1c1   Thumb Code     0  uidiv.o(.text)
    __aeabi_uidivmod                         0x0001b1c1   Thumb Code    44  uidiv.o(.text)
    __aeabi_idiv                             0x0001b1ed   Thumb Code     0  idiv.o(.text)
    __aeabi_idivmod                          0x0001b1ed   Thumb Code    40  idiv.o(.text)
    ___aeabi_memcpy8$move                    0x0001b215   Thumb Code     0  memmovea.o(.text)
    __aeabi_memcpy                           0x0001b215   Thumb Code    64  memmovea.o(.text)
    __aeabi_memcpy4                          0x0001b215   Thumb Code     0  memmovea.o(.text)
    __aeabi_memmove                          0x0001b215   Thumb Code     0  memmovea.o(.text)
    __aeabi_memmove4                         0x0001b215   Thumb Code     0  memmovea.o(.text)
    __aeabi_memmove8                         0x0001b215   Thumb Code     0  memmovea.o(.text)
    __aeabi_memset                           0x0001b255   Thumb Code    14  memseta.o(.text)
    __aeabi_memset4                          0x0001b255   Thumb Code     0  memseta.o(.text)
    __aeabi_memset8                          0x0001b255   Thumb Code     0  memseta.o(.text)
    __aeabi_memclr                           0x0001b263   Thumb Code     4  memseta.o(.text)
    __aeabi_memclr4                          0x0001b263   Thumb Code     0  memseta.o(.text)
    __aeabi_memclr8                          0x0001b263   Thumb Code     0  memseta.o(.text)
    _memset$wrapper                          0x0001b267   Thumb Code    18  memseta.o(.text)
    strlen                                   0x0001b279   Thumb Code    14  strlen.o(.text)
    memcmp                                   0x0001b287   Thumb Code    26  memcmp.o(.text)
    __aeabi_dadd                             0x0001b2a1   Thumb Code   328  dadd.o(.text)
    __aeabi_dsub                             0x0001b3e9   Thumb Code    12  dadd.o(.text)
    __aeabi_drsub                            0x0001b3f5   Thumb Code    12  dadd.o(.text)
    __ARM_scalbn                             0x0001b405   Thumb Code    44  dscalb.o(.text)
    scalbn                                   0x0001b405   Thumb Code     0  dscalb.o(.text)
    __aeabi_ui2d                             0x0001b431   Thumb Code    24  dfltui.o(.text)
    __aeabi_d2uiz                            0x0001b44d   Thumb Code    50  dfixui.o(.text)
    __aeabi_llsl                             0x0001b489   Thumb Code    32  llshl.o(.text)
    _ll_shift_l                              0x0001b489   Thumb Code     0  llshl.o(.text)
    __aeabi_llsr                             0x0001b4a9   Thumb Code    34  llushr.o(.text)
    _ll_ushift_r                             0x0001b4a9   Thumb Code     0  llushr.o(.text)
    __aeabi_lasr                             0x0001b4cb   Thumb Code    38  llsshr.o(.text)
    _ll_sshift_r                             0x0001b4cb   Thumb Code     0  llsshr.o(.text)
    __I$use$fp                               0x0001b4f1   Thumb Code     0  iusefp.o(.text)
    _double_round                            0x0001b4f1   Thumb Code    26  depilogue.o(.text)
    _double_epilogue                         0x0001b50b   Thumb Code   164  depilogue.o(.text)
    __scatterload                            0x0001b5b1   Thumb Code    28  init.o(.text)
    __scatterload_rt2                        0x0001b5b1   Thumb Code     0  init.o(.text)
    __decompress                             0x0001b5d5   Thumb Code     0  __dczerorl2.o(.text)
    __decompress1                            0x0001b5d5   Thumb Code    86  __dczerorl2.o(.text)
    GPIOTE_IRQHandler                        0x0001b62d   Thumb Code   312  nrf_drv_gpiote.o(i.GPIOTE_IRQHandler)
    LIS2DH12_INIT                            0x0001b781   Thumb Code   262  main.o(i.LIS2DH12_INIT)
    LIS2DH12_XYZ_read                        0x0001b8b1   Thumb Code   298  main.o(i.LIS2DH12_XYZ_read)
    MAX30102_INIT                            0x0001b9e5   Thumb Code   352  main.o(i.MAX30102_INIT)
    RTC1_IRQHandler                          0x0001bbb5   Thumb Code    28  app_timer.o(i.RTC1_IRQHandler)
    SPI0_TWI0_IRQHandler                     0x0001bbd5   Thumb Code    12  nrf_drv_twi.o(i.SPI0_TWI0_IRQHandler)
    SWI0_IRQHandler                          0x0001bbe9   Thumb Code     8  app_timer.o(i.SWI0_IRQHandler)
    SWI2_IRQHandler                          0x0001bbf1   Thumb Code    28  softdevice_handler.o(i.SWI2_IRQHandler)
    SystemInit                               0x0001bc11   Thumb Code   130  system_nrf51.o(i.SystemInit)
    UART0_IRQHandler                         0x0001bcb1   Thumb Code     8  nrf_drv_uart.o(i.UART0_IRQHandler)
    __ARM_clz                                0x0001bcb9   Thumb Code    46  depilogue.o(i.__ARM_clz)
    __ARM_common_switch8                     0x0001bce7   Thumb Code    26  bsp.o(i.__ARM_common_switch8)
    __scatterload_copy                       0x0001bd01   Thumb Code    14  handlers.o(i.__scatterload_copy)
    __scatterload_null                       0x0001bd0f   Thumb Code     2  handlers.o(i.__scatterload_null)
    __scatterload_zeroinit                   0x0001bd11   Thumb Code    14  handlers.o(i.__scatterload_zeroinit)
    adv_data_encode                          0x0001bd1f   Thumb Code   534  ble_advdata.o(i.adv_data_encode)
    app_error_fault_handler                  0x0001c009   Thumb Code    18  app_error_weak.o(i.app_error_fault_handler)
    app_error_handler_bare                   0x0001c025   Thumb Code    20  app_error.o(i.app_error_handler_bare)
    app_timer_create                         0x0001c095   Thumb Code    40  app_timer.o(i.app_timer_create)
    app_timer_init                           0x0001c0c1   Thumb Code   126  app_timer.o(i.app_timer_init)
    app_timer_start                          0x0001c151   Thumb Code   114  app_timer.o(i.app_timer_start)
    app_timer_stop                           0x0001c1cd   Thumb Code    78  app_timer.o(i.app_timer_stop)
    assert_nrf_callback                      0x0001c221   Thumb Code    18  nrf_assert.o(i.assert_nrf_callback)
    ble_advdata_set                          0x0001c239   Thumb Code   104  ble_advdata.o(i.ble_advdata_set)
    ble_advertising_init                     0x0001c2a1   Thumb Code   284  ble_advertising.o(i.ble_advertising_init)
    ble_advertising_on_ble_evt               0x0001c3c5   Thumb Code   108  ble_advertising.o(i.ble_advertising_on_ble_evt)
    ble_advertising_on_sys_evt               0x0001c435   Thumb Code    42  ble_advertising.o(i.ble_advertising_on_sys_evt)
    ble_advertising_start                    0x0001c475   Thumb Code   482  ble_advertising.o(i.ble_advertising_start)
    ble_conn_params_init                     0x0001c661   Thumb Code    68  ble_conn_params.o(i.ble_conn_params_init)
    ble_conn_params_on_ble_evt               0x0001c6b5   Thumb Code   132  ble_conn_params.o(i.ble_conn_params_on_ble_evt)
    ble_conn_params_stop                     0x0001c745   Thumb Code    12  ble_conn_params.o(i.ble_conn_params_stop)
    ble_dfu_init                             0x0001c7b5   Thumb Code   130  ble_dfu.o(i.ble_dfu_init)
    ble_dfu_on_ble_evt                       0x0001c845   Thumb Code   132  ble_dfu.o(i.ble_dfu_on_ble_evt)
    ble_dfu_response_send                    0x0001c8c9   Thumb Code    86  ble_dfu.o(i.ble_dfu_response_send)
    ble_hrs_heart_rate_measurement_send      0x0001c95d   Thumb Code    54  ble_hrs.o(i.ble_hrs_heart_rate_measurement_send)
    ble_hrs_init                             0x0001c999   Thumb Code    86  ble_hrs.o(i.ble_hrs_init)
    ble_hrs_on_ble_evt                       0x0001c9f5   Thumb Code    34  ble_hrs.o(i.ble_hrs_on_ble_evt)
    bond_data_load                           0x0001cb29   Thumb Code    58  device_manager_peripheral.o(i.bond_data_load)
    bootloader_util_app_start                0x0001cbfd   Thumb Code     8  bootloader_util.o(i.bootloader_util_app_start)
    bsp_btn_ble_sleep_mode_prepare           0x0001cc05   Thumb Code    20  bsp_btn_ble.o(i.bsp_btn_ble_sleep_mode_prepare)
    bsp_indication_set                       0x0001ccb9   Thumb Code    22  bsp.o(i.bsp_indication_set)
    bsp_wakeup_buttons_set                   0x0001cecd   Thumb Code    50  bsp.o(i.bsp_wakeup_buttons_set)
    dfu_app_dm_appl_instance_set             0x0001d599   Thumb Code    20  dfu_app_handler.o(i.dfu_app_dm_appl_instance_set)
    dfu_app_on_dfu_evt                       0x0001d5b1   Thumb Code    34  dfu_app_handler.o(i.dfu_app_on_dfu_evt)
    dfu_app_reset_prepare_set                0x0001d675   Thumb Code     6  dfu_app_handler.o(i.dfu_app_reset_prepare_set)
    dm_application_context_delete            0x0001d81d   Thumb Code   126  device_manager_peripheral.o(i.dm_application_context_delete)
    dm_application_context_get               0x0001d8b1   Thumb Code   164  device_manager_peripheral.o(i.dm_application_context_get)
    dm_application_context_set               0x0001d965   Thumb Code   188  device_manager_peripheral.o(i.dm_application_context_set)
    dm_application_instance_set              0x0001da39   Thumb Code    50  device_manager_peripheral.o(i.dm_application_instance_set)
    dm_ble_evt_handler                       0x0001da79   Thumb Code   946  device_manager_peripheral.o(i.dm_ble_evt_handler)
    dm_distributed_keys_get                  0x0001de41   Thumb Code   160  device_manager_peripheral.o(i.dm_distributed_keys_get)
    dm_handle_get                            0x0001def1   Thumb Code    62  device_manager_peripheral.o(i.dm_handle_get)
    dm_handle_initialize                     0x0001df39   Thumb Code    22  device_manager_peripheral.o(i.dm_handle_initialize)
    dm_init                                  0x0001df55   Thumb Code   174  device_manager_peripheral.o(i.dm_init)
    dm_peer_addr_get                         0x0001e019   Thumb Code   112  device_manager_peripheral.o(i.dm_peer_addr_get)
    dm_register                              0x0001e221   Thumb Code   104  device_manager_peripheral.o(i.dm_register)
    fs_queued_op_count_get                   0x0001e389   Thumb Code    18  fstorage.o(i.fs_queued_op_count_get)
    intern_softdevice_events_execute         0x0001eb2d   Thumb Code   116  softdevice_handler.o(i.intern_softdevice_events_execute)
    main                                     0x0001eefd   Thumb Code   428  main.o(i.main)
    nrf_delay_ms                             0x0001f21d   Thumb Code    24  nrf_delay.o(i.nrf_delay_ms)
    nrf_drv_common_irq_enable                0x0001f239   Thumb Code    98  nrf_drv_common.o(i.nrf_drv_common_irq_enable)
    nrf_drv_twi_disable                      0x0001f2b1   Thumb Code    80  nrf_drv_twi.o(i.nrf_drv_twi_disable)
    nrf_drv_twi_enable                       0x0001f309   Thumb Code    46  nrf_drv_twi.o(i.nrf_drv_twi_enable)
    nrf_drv_twi_init                         0x0001f341   Thumb Code   120  nrf_drv_twi.o(i.nrf_drv_twi_init)
    nrf_drv_twi_rx                           0x0001f3c9   Thumb Code    30  nrf_drv_twi.o(i.nrf_drv_twi_rx)
    nrf_drv_twi_tx                           0x0001f3ed   Thumb Code    36  nrf_drv_twi.o(i.nrf_drv_twi_tx)
    nrf_drv_twi_uninit                       0x0001f411   Thumb Code    74  nrf_drv_twi.o(i.nrf_drv_twi_uninit)
    nrf_drv_twi_xfer                         0x0001f469   Thumb Code    82  nrf_drv_twi.o(i.nrf_drv_twi_xfer)
    pstorage_access_status_get               0x0001f8cd   Thumb Code    30  pstorage.o(i.pstorage_access_status_get)
    pstorage_block_identifier_get            0x0001f8f5   Thumb Code    78  pstorage.o(i.pstorage_block_identifier_get)
    pstorage_clear                           0x0001f94d   Thumb Code   160  pstorage.o(i.pstorage_clear)
    pstorage_init                            0x0001fa25   Thumb Code    80  pstorage.o(i.pstorage_init)
    pstorage_load                            0x0001fa81   Thumb Code   162  pstorage.o(i.pstorage_load)
    pstorage_register                        0x0001fb2d   Thumb Code   180  pstorage.o(i.pstorage_register)
    pstorage_store                           0x0001fbe9   Thumb Code   138  pstorage.o(i.pstorage_store)
    pstorage_sys_event_handler               0x0001fc7d   Thumb Code    72  pstorage.o(i.pstorage_sys_event_handler)
    pstorage_update                          0x0001fcc9   Thumb Code   138  pstorage.o(i.pstorage_update)
    sd_check_ram_start                       0x0001fe41   Thumb Code    10  softdevice_handler.o(i.sd_check_ram_start)
    softdevice_ble_evt_handler_set           0x00020081   Thumb Code    16  softdevice_handler.o(i.softdevice_ble_evt_handler_set)
    softdevice_enable                        0x00020095   Thumb Code    14  softdevice_handler.o(i.softdevice_enable)
    softdevice_enable_get_default_config     0x000200a9   Thumb Code    40  softdevice_handler.o(i.softdevice_enable_get_default_config)
    softdevice_fault_handler                 0x000200d1   Thumb Code     8  softdevice_handler.o(i.softdevice_fault_handler)
    softdevice_handler_init                  0x000200d9   Thumb Code    42  softdevice_handler.o(i.softdevice_handler_init)
    softdevice_sys_evt_handler_set           0x0002010d   Thumb Code    16  softdevice_handler.o(i.softdevice_sys_evt_handler_set)
    m_context_init_len                       0x00020bc8   Data           4  device_manager_peripheral.o(.constdata)
    m_service_context_store                  0x00020bcc   Data          16  device_manager_peripheral.o(.constdata)
    m_service_context_load                   0x00020bdc   Data          16  device_manager_peripheral.o(.constdata)
    m_service_context_apply                  0x00020bec   Data          16  device_manager_peripheral.o(.constdata)
    Region$$Table$$Base                      0x00020cc8   Number         0  anon$$obj.o(Region$$Table)
    Region$$Table$$Limit                     0x00020ce8   Number         0  anon$$obj.o(Region$$Table)
    Device_Connection_State                  0x20002080   Data           1  main.o(.data)
    Image$$RW_IRAM1$$Base                    0x20002080   Number         0  anon$$obj.o ABSOLUTE
    Live_data_flag                           0x20002081   Data           1  main.o(.data)
    sensor_en_flag                           0x20002082   Data           1  main.o(.data)
    sensor_dis_flag                          0x20002083   Data           1  main.o(.data)
    data_store_flag                          0x20002084   Data           1  main.o(.data)
    no_data_flag                             0x20002085   Data           1  main.o(.data)
    sensor_wakeup_time_update_flag           0x20002086   Data           1  main.o(.data)
    epoch_time_receive                       0x20002087   Data           1  main.o(.data)
    data_tx_flag                             0x20002088   Data           1  main.o(.data)
    sensor_data_rx_flag                      0x20002089   Data           1  main.o(.data)
    over_write_flag                          0x2000208a   Data           1  main.o(.data)
    data_tx_ack_flag                         0x2000208b   Data           1  main.o(.data)
    sensor_en_time                           0x2000208e   Data           2  main.o(.data)
    sensor_dis_time                          0x20002090   Data           2  main.o(.data)
    m_sample_write_idx                       0x20002092   Data           2  main.o(.data)
    m_sample_read_idx                        0x20002094   Data           2  main.o(.data)
    device_name_updated                      0x200020ac   Data           1  main.o(.data)
    read_time_interval_receive               0x200021a4   Data           1  ble_hrs.o(.data)
    adv_interval_receive                     0x200021a5   Data           1  ble_hrs.o(.data)
    current_adv_rd_time_response             0x200021a6   Data           1  ble_hrs.o(.data)
    timer_stop                               0x200021a7   Data           1  ble_hrs.o(.data)
    hrs_notification_enabled                 0x200021a8   Data           1  ble_hrs.o(.data)
    sensor_wakeup_time                       0x200021aa   Data           2  ble_hrs.o(.data)
    sensor_active_time                       0x200021ac   Data           2  ble_hrs.o(.data)
    adv_interval                             0x200021ae   Data           2  ble_hrs.o(.data)
    epoch_time                               0x200021b0   Data           4  ble_hrs.o(.data)
    device_name                              0x200021b4   Data          12  ble_hrs.o(.data)
    nrf_nvic_state                           0x20002238   Data           8  softdevice_handler.o(.data)
    SystemCoreClock                          0x20002240   Data           4  system_nrf51.o(.data)
    m_samples                                0x20002244   Data       15300  main.o(.bss)
    __initial_sp                             0x20006f48   Data           0  arm_startup_nrf51.o(STACK)



==============================================================================

Memory Map of the image

  Image Entry point : 0x0001b0c1

  Load Region LR_IROM1 (Base: 0x0001b000, Size: 0x00005eac, Max: 0x00025000, ABSOLUTE, COMPRESSED[0x00005d28])

    Execution Region ER_IROM1 (Base: 0x0001b000, Size: 0x00005ce8, Max: 0x00025000, ABSOLUTE)

    Base Addr    Size         Type   Attr      Idx    E Section Name        Object

    0x0001b000   0x000000c0   Data   RO         3247    RESET               arm_startup_nrf51.o
    0x0001b0c0   0x00000000   Code   RO         3289  * .ARM.Collect$$$$00000000  mc_p.l(entry.o)
    0x0001b0c0   0x00000004   Code   RO         3348    .ARM.Collect$$$$00000001  mc_p.l(entry2.o)
    0x0001b0c4   0x00000004   Code   RO         3351    .ARM.Collect$$$$00000004  mc_p.l(entry5.o)
    0x0001b0c8   0x00000000   Code   RO         3353    .ARM.Collect$$$$00000008  mc_p.l(entry7b.o)
    0x0001b0c8   0x00000000   Code   RO         3355    .ARM.Collect$$$$0000000A  mc_p.l(entry8b.o)
    0x0001b0c8   0x00000008   Code   RO         3356    .ARM.Collect$$$$0000000B  mc_p.l(entry9a.o)
    0x0001b0d0   0x00000000   Code   RO         3358    .ARM.Collect$$$$0000000D  mc_p.l(entry10a.o)
    0x0001b0d0   0x00000000   Code   RO         3360    .ARM.Collect$$$$0000000F  mc_p.l(entry11a.o)
    0x0001b0d0   0x00000004   Code   RO         3349    .ARM.Collect$$$$00002712  mc_p.l(entry2.o)
    0x0001b0d4   0x0000001e   Code   RO            3    .emb_text           main.o
    0x0001b0f2   0x00000002   PAD
    0x0001b0f4   0x0000001e   Code   RO         1445    .emb_text           nrf_delay.o
    0x0001b112   0x00000002   PAD
    0x0001b114   0x0000001e   Code   RO         2123    .emb_text           nrf_drv_twi.o
    0x0001b132   0x00000002   PAD
    0x0001b134   0x0000001e   Code   RO         2455    .emb_text           app_timer.o
    0x0001b152   0x00000002   PAD
    0x0001b154   0x00000034   Code   RO         2652    .emb_text           bootloader_util.o
    0x0001b188   0x00000038   Code   RO         3248    .text               arm_startup_nrf51.o
    0x0001b1c0   0x0000002c   Code   RO         3292    .text               mc_p.l(uidiv.o)
    0x0001b1ec   0x00000028   Code   RO         3294    .text               mc_p.l(idiv.o)
    0x0001b214   0x00000040   Code   RO         3298    .text               mc_p.l(memmovea.o)
    0x0001b254   0x00000024   Code   RO         3300    .text               mc_p.l(memseta.o)
    0x0001b278   0x0000000e   Code   RO         3302    .text               mc_p.l(strlen.o)
    0x0001b286   0x0000001a   Code   RO         3304    .text               mc_p.l(memcmp.o)
    0x0001b2a0   0x00000164   Code   RO         3340    .text               mf_p.l(dadd.o)
    0x0001b404   0x0000002c   Code   RO         3342    .text               mf_p.l(dscalb.o)
    0x0001b430   0x0000001c   Code   RO         3344    .text               mf_p.l(dfltui.o)
    0x0001b44c   0x0000003c   Code   RO         3346    .text               mf_p.l(dfixui.o)
    0x0001b488   0x00000020   Code   RO         3364    .text               mc_p.l(llshl.o)
    0x0001b4a8   0x00000022   Code   RO         3366    .text               mc_p.l(llushr.o)
    0x0001b4ca   0x00000026   Code   RO         3368    .text               mc_p.l(llsshr.o)
    0x0001b4f0   0x00000000   Code   RO         3370    .text               mc_p.l(iusefp.o)
    0x0001b4f0   0x000000be   Code   RO         3371    .text               mf_p.l(depilogue.o)
    0x0001b5ae   0x00000002   PAD
    0x0001b5b0   0x00000024   Code   RO         3383    .text               mc_p.l(init.o)
    0x0001b5d4   0x00000056   Code   RO         3393    .text               mc_p.l(__dczerorl2.o)
    0x0001b62a   0x00000002   PAD
    0x0001b62c   0x00000154   Code   RO         1505    i.GPIOTE_IRQHandler  nrf_drv_gpiote.o
    0x0001b780   0x00000130   Code   RO            4    i.LIS2DH12_INIT     main.o
    0x0001b8b0   0x00000134   Code   RO            5    i.LIS2DH12_XYZ_read  main.o
    0x0001b9e4   0x0000018c   Code   RO            6    i.MAX30102_INIT     main.o
    0x0001bb70   0x00000044   Code   RO         2456    i.NVIC_SetPriority  app_timer.o
    0x0001bbb4   0x00000020   Code   RO         2457    i.RTC1_IRQHandler   app_timer.o
    0x0001bbd4   0x00000014   Code   RO         2124    i.SPI0_TWI0_IRQHandler  nrf_drv_twi.o
    0x0001bbe8   0x00000008   Code   RO         2458    i.SWI0_IRQHandler   app_timer.o
    0x0001bbf0   0x00000020   Code   RO         3152    i.SWI2_IRQHandler   softdevice_handler.o
    0x0001bc10   0x000000a0   Code   RO         3255    i.SystemInit        system_nrf51.o
    0x0001bcb0   0x00000008   Code   RO         1710    i.UART0_IRQHandler  nrf_drv_uart.o
    0x0001bcb8   0x0000002e   Code   RO         3373    i.__ARM_clz         mf_p.l(depilogue.o)
    0x0001bce6   0x0000001a   Code   RO          505    i.__ARM_common_switch8  bsp.o
    0x0001bd00   0x0000000e   Code   RO         3387    i.__scatterload_copy  mc_p.l(handlers.o)
    0x0001bd0e   0x00000002   Code   RO         3388    i.__scatterload_null  mc_p.l(handlers.o)
    0x0001bd10   0x0000000e   Code   RO         3389    i.__scatterload_zeroinit  mc_p.l(handlers.o)
    0x0001bd1e   0x00000216   Code   RO          569    i.adv_data_encode   ble_advdata.o
    0x0001bf34   0x0000005c   Code   RO            7    i.advertising_init  main.o
    0x0001bf90   0x00000078   Code   RO            8    i.app_context_load  main.o
    0x0001c008   0x0000001c   Code   RO         2366    i.app_error_fault_handler  app_error_weak.o
    0x0001c024   0x00000018   Code   RO         2331    i.app_error_handler_bare  app_error.o
    0x0001c03c   0x0000000c   Code   RO         1102    i.app_evt_notify    device_manager_peripheral.o
    0x0001c048   0x0000002c   Code   RO         1881    i.app_notify        pstorage.o
    0x0001c074   0x00000020   Code   RO         1882    i.app_notify_error_state_transit  pstorage.o
    0x0001c094   0x0000002c   Code   RO         2461    i.app_timer_create  app_timer.o
    0x0001c0c0   0x00000090   Code   RO         2462    i.app_timer_init    app_timer.o
    0x0001c150   0x0000007c   Code   RO         2463    i.app_timer_start   app_timer.o
    0x0001c1cc   0x00000054   Code   RO         2464    i.app_timer_stop    app_timer.o
    0x0001c220   0x00000018   Code   RO         2822    i.assert_nrf_callback  nrf_assert.o
    0x0001c238   0x00000068   Code   RO          570    i.ble_advdata_set   ble_advdata.o
    0x0001c2a0   0x00000124   Code   RO          650    i.ble_advertising_init  ble_advertising.o
    0x0001c3c4   0x00000070   Code   RO          651    i.ble_advertising_on_ble_evt  ble_advertising.o
    0x0001c434   0x00000030   Code   RO          652    i.ble_advertising_on_sys_evt  ble_advertising.o
    0x0001c464   0x00000010   Code   RO          654    i.ble_advertising_peer_address_clear  ble_advertising.o
    0x0001c474   0x000001ec   Code   RO          656    i.ble_advertising_start  ble_advertising.o
    0x0001c660   0x00000054   Code   RO          774    i.ble_conn_params_init  ble_conn_params.o
    0x0001c6b4   0x00000090   Code   RO          775    i.ble_conn_params_on_ble_evt  ble_conn_params.o
    0x0001c744   0x00000010   Code   RO          776    i.ble_conn_params_stop  ble_conn_params.o
    0x0001c754   0x0000005e   Code   RO          571    i.ble_device_addr_encode  ble_advdata.o
    0x0001c7b2   0x00000002   PAD
    0x0001c7b4   0x00000090   Code   RO          842    i.ble_dfu_init      ble_dfu.o
    0x0001c844   0x00000084   Code   RO          843    i.ble_dfu_on_ble_evt  ble_dfu.o
    0x0001c8c8   0x00000060   Code   RO          845    i.ble_dfu_response_send  ble_dfu.o
    0x0001c928   0x00000034   Code   RO            9    i.ble_evt_dispatch  main.o
    0x0001c95c   0x0000003c   Code   RO          967    i.ble_hrs_heart_rate_measurement_send  ble_hrs.o
    0x0001c998   0x0000005c   Code   RO          968    i.ble_hrs_init      ble_hrs.o
    0x0001c9f4   0x00000022   Code   RO          969    i.ble_hrs_on_ble_evt  ble_hrs.o
    0x0001ca16   0x00000002   PAD
    0x0001ca18   0x00000088   Code   RO           10    i.ble_stack_init    main.o
    0x0001caa0   0x00000088   Code   RO          974    i.body_sensor_location_char_add  ble_hrs.o
    0x0001cb28   0x00000048   Code   RO         1103    i.bond_data_load    device_manager_peripheral.o
    0x0001cb70   0x0000008c   Code   RO         2674    i.bootloader_start  dfu_app_handler.o
    0x0001cbfc   0x00000008   Code   RO         2653    i.bootloader_util_app_start  bootloader_util.o
    0x0001cc04   0x00000014   Code   RO          530    i.bsp_btn_ble_sleep_mode_prepare  bsp_btn_ble.o
    0x0001cc18   0x000000a0   Code   RO          409    i.bsp_button_event_handler  bsp.o
    0x0001ccb8   0x0000001c   Code   RO          415    i.bsp_indication_set  bsp.o
    0x0001ccd4   0x000001f8   Code   RO          418    i.bsp_led_indication  bsp.o
    0x0001cecc   0x0000003c   Code   RO          419    i.bsp_wakeup_buttons_set  bsp.o
    0x0001cf08   0x00000010   Code   RO         1508    i.channel_port_get  nrf_drv_gpiote.o
    0x0001cf18   0x00000108   Code   RO         1883    i.clear_operation_execute  pstorage.o
    0x0001d020   0x00000024   Code   RO         1884    i.clear_post_processing_run  pstorage.o
    0x0001d044   0x00000038   Code   RO         1885    i.cmd_process       pstorage.o
    0x0001d07c   0x00000020   Code   RO         1886    i.cmd_queue_element_init  pstorage.o
    0x0001d09c   0x0000004c   Code   RO         1887    i.cmd_queue_enqueue  pstorage.o
    0x0001d0e8   0x0000003c   Code   RO         1888    i.command_end_procedure_run  pstorage.o
    0x0001d124   0x000000a8   Code   RO         2466    i.compare_reg_update  app_timer.o
    0x0001d1cc   0x00000088   Code   RO          572    i.conn_int_encode   ble_advdata.o
    0x0001d254   0x00000008   Code   RO           12    i.conn_params_error_handler  main.o
    0x0001d25c   0x00000068   Code   RO          777    i.conn_params_negotiation  ble_conn_params.o
    0x0001d2c4   0x00000030   Code   RO         1104    i.connection_instance_find  device_manager_peripheral.o
    0x0001d2f4   0x00000024   Code   RO         1105    i.connection_instance_init  device_manager_peripheral.o
    0x0001d318   0x00000054   Code   RO         1889    i.data_page_erase_state_run  pstorage.o
    0x0001d36c   0x00000028   Code   RO         1890    i.data_to_swap_write_state_run  pstorage.o
    0x0001d394   0x000000b4   Code   RO         1106    i.device_context_store  device_manager_peripheral.o
    0x0001d448   0x00000054   Code   RO         1107    i.device_instance_allocate  device_manager_peripheral.o
    0x0001d49c   0x00000048   Code   RO         1108    i.device_instance_find  device_manager_peripheral.o
    0x0001d4e4   0x0000002c   Code   RO         1109    i.device_instance_free  device_manager_peripheral.o
    0x0001d510   0x0000001e   Code   RO           13    i.device_manager_evt_handler  main.o
    0x0001d52e   0x00000002   PAD
    0x0001d530   0x00000068   Code   RO           14    i.device_manager_init  main.o
    0x0001d598   0x00000018   Code   RO         2675    i.dfu_app_dm_appl_instance_set  dfu_app_handler.o
    0x0001d5b0   0x00000022   Code   RO         2676    i.dfu_app_on_dfu_evt  dfu_app_handler.o
    0x0001d5d2   0x00000002   PAD
    0x0001d5d4   0x0000009c   Code   RO         2677    i.dfu_app_peer_data_set  dfu_app_handler.o
    0x0001d670   0x00000002   Code   RO         2678    i.dfu_app_reset_prepare  dfu_app_handler.o
    0x0001d672   0x00000002   PAD
    0x0001d674   0x0000000c   Code   RO         2679    i.dfu_app_reset_prepare_set  dfu_app_handler.o
    0x0001d680   0x00000088   Code   RO          846    i.dfu_ctrl_pt_add   ble_dfu.o
    0x0001d708   0x00000084   Code   RO          847    i.dfu_pkt_char_add  ble_dfu.o
    0x0001d78c   0x00000090   Code   RO          848    i.dfu_rev_char_add  ble_dfu.o
    0x0001d81c   0x00000094   Code   RO         1110    i.dm_application_context_delete  device_manager_peripheral.o
    0x0001d8b0   0x000000b4   Code   RO         1111    i.dm_application_context_get  device_manager_peripheral.o
    0x0001d964   0x000000d4   Code   RO         1112    i.dm_application_context_set  device_manager_peripheral.o
    0x0001da38   0x00000040   Code   RO         1113    i.dm_application_instance_set  device_manager_peripheral.o
    0x0001da78   0x000003c8   Code   RO         1114    i.dm_ble_evt_handler  device_manager_peripheral.o
    0x0001de40   0x000000b0   Code   RO         1118    i.dm_distributed_keys_get  device_manager_peripheral.o
    0x0001def0   0x00000048   Code   RO         1119    i.dm_handle_get     device_manager_peripheral.o
    0x0001df38   0x0000001c   Code   RO         1120    i.dm_handle_initialize  device_manager_peripheral.o
    0x0001df54   0x000000c4   Code   RO         1121    i.dm_init           device_manager_peripheral.o
    0x0001e018   0x00000080   Code   RO         1122    i.dm_peer_addr_get  device_manager_peripheral.o
    0x0001e098   0x00000188   Code   RO         1124    i.dm_pstorage_cb_handler  device_manager_peripheral.o
    0x0001e220   0x00000074   Code   RO         1125    i.dm_register       device_manager_peripheral.o
    0x0001e294   0x00000040   Code   RO         2467    i.elapsed_ticks_acquire  app_timer.o
    0x0001e2d4   0x00000020   Code   RO         1891    i.flash_api_err_code_process  pstorage.o
    0x0001e2f4   0x00000080   Code   RO         1892    i.flash_operation_success_run  pstorage.o
    0x0001e374   0x0000000a   Code   RO         1893    i.flash_page_erase  pstorage.o
    0x0001e37e   0x0000000a   Code   RO         1894    i.flash_write       pstorage.o
    0x0001e388   0x00000018   Code   RO         2736    i.fs_queued_op_count_get  fstorage.o
    0x0001e3a0   0x00000058   Code   RO           15    i.gap_params_init   main.o
    0x0001e3f8   0x00000004   Code   RO         1132    i.gattc_context_apply  device_manager_peripheral.o
    0x0001e3fc   0x00000004   Code   RO         1133    i.gattc_context_load  device_manager_peripheral.o
    0x0001e400   0x00000004   Code   RO         1134    i.gattc_context_store  device_manager_peripheral.o
    0x0001e404   0x000000b0   Code   RO         1135    i.gatts_context_apply  device_manager_peripheral.o
    0x0001e4b4   0x00000030   Code   RO         1136    i.gatts_context_load  device_manager_peripheral.o
    0x0001e4e4   0x000000ac   Code   RO         1137    i.gatts_context_store  device_manager_peripheral.o
    0x0001e590   0x00000008   Code   RO         1138    i.gattsc_context_apply  device_manager_peripheral.o
    0x0001e598   0x00000008   Code   RO         1139    i.gattsc_context_load  device_manager_peripheral.o
    0x0001e5a0   0x00000008   Code   RO         1140    i.gattsc_context_store  device_manager_peripheral.o
    0x0001e5a8   0x00000078   Code   RO         1895    i.head_restore_state_run  pstorage.o
    0x0001e620   0x000003d4   Code   RO           16    i.heart_rate_meas_timeout_handler  main.o
    0x0001e9f4   0x000000b0   Code   RO          975    i.heart_rate_measurement_char_add  ble_hrs.o
    0x0001eaa4   0x00000088   Code   RO          976    i.hrm_encode        ble_hrs.o
    0x0001eb2c   0x00000078   Code   RO         3153    i.intern_softdevice_events_execute  softdevice_handler.o
    0x0001eba4   0x000000c0   Code   RO         2125    i.irq_handler_twi   nrf_drv_twi.o
    0x0001ec64   0x0000001c   Code   RO          778    i.is_conn_params_ok  ble_conn_params.o
    0x0001ec80   0x00000048   Code   RO         3256    i.is_manual_peripheral_setup_needed  system_nrf51.o
    0x0001ecc8   0x00000044   Code   RO         1896    i.is_page_erase_required  pstorage.o
    0x0001ed0c   0x0000000c   Code   RO         1897    i.is_word_aligned   pstorage.o
    0x0001ed18   0x00000054   Code   RO          573    i.le_role_encode    ble_advdata.o
    0x0001ed6c   0x000000bc   Code   RO         2468    i.list_deletions_handler  app_timer.o
    0x0001ee28   0x000000d4   Code   RO         2469    i.list_insertions_handler  app_timer.o
    0x0001eefc   0x000001f4   Code   RO           17    i.main              main.o
    0x0001f0f0   0x00000018   Code   RO         1898    i.main_state_err_busy_process  pstorage.o
    0x0001f108   0x00000068   Code   RO          574    i.manuf_specific_data_encode  ble_advdata.o
    0x0001f170   0x0000009e   Code   RO          575    i.name_encode       ble_advdata.o
    0x0001f20e   0x00000004   Code   RO         1141    i.no_service_context_apply  device_manager_peripheral.o
    0x0001f212   0x00000004   Code   RO         1142    i.no_service_context_load  device_manager_peripheral.o
    0x0001f216   0x00000004   Code   RO         1143    i.no_service_context_store  device_manager_peripheral.o
    0x0001f21a   0x00000002   PAD
    0x0001f21c   0x0000001c   Code   RO         1446    i.nrf_delay_ms      nrf_delay.o
    0x0001f238   0x00000078   Code   RO         1473    i.nrf_drv_common_irq_enable  nrf_drv_common.o
    0x0001f2b0   0x00000058   Code   RO         2127    i.nrf_drv_twi_disable  nrf_drv_twi.o
    0x0001f308   0x00000038   Code   RO         2128    i.nrf_drv_twi_enable  nrf_drv_twi.o
    0x0001f340   0x00000088   Code   RO         2129    i.nrf_drv_twi_init  nrf_drv_twi.o
    0x0001f3c8   0x00000024   Code   RO         2130    i.nrf_drv_twi_rx    nrf_drv_twi.o
    0x0001f3ec   0x00000024   Code   RO         2133    i.nrf_drv_twi_tx    nrf_drv_twi.o
    0x0001f410   0x00000058   Code   RO         2134    i.nrf_drv_twi_uninit  nrf_drv_twi.o
    0x0001f468   0x00000060   Code   RO         2135    i.nrf_drv_twi_xfer  nrf_drv_twi.o
    0x0001f4c8   0x00000010   Code   RO           18    i.nrf_gpio_cfg_output  main.o
    0x0001f4d8   0x00000020   Code   RO         1530    i.nrf_gpio_cfg_sense_set  nrf_drv_gpiote.o
    0x0001f4f8   0x00000010   Code   RO           19    i.nrf_gpio_pin_clear  main.o
    0x0001f508   0x00000010   Code   RO         2136    i.nrf_gpio_pin_set  nrf_drv_twi.o
    0x0001f518   0x00000014   Code   RO         1531    i.nrf_gpiote_event_is_set  nrf_drv_gpiote.o
    0x0001f52c   0x0000000a   Code   RO         2137    i.nrf_twi_event_check  nrf_drv_twi.o
    0x0001f536   0x0000000a   Code   RO         1727    i.nrf_uart_event_check  nrf_drv_uart.o
    0x0001f540   0x00000010   Code   RO         1728    i.nrf_uart_int_enable_check  nrf_drv_uart.o
    0x0001f550   0x00000020   Code   RO           20    i.on_adv_evt        main.o
    0x0001f570   0x000000f4   Code   RO           21    i.on_ble_evt        main.o
    0x0001f664   0x00000020   Code   RO           22    i.on_conn_params_evt  main.o
    0x0001f684   0x000000f0   Code   RO          849    i.on_ctrl_pt_write  ble_dfu.o
    0x0001f774   0x00000100   Code   RO          977    i.on_write          ble_hrs.o
    0x0001f874   0x00000016   Code   RO          658    i.peer_address_exists  ble_advertising.o
    0x0001f88a   0x00000002   PAD
    0x0001f88c   0x00000040   Code   RO         1144    i.peer_instance_init  device_manager_peripheral.o
    0x0001f8cc   0x00000028   Code   RO         1899    i.pstorage_access_status_get  pstorage.o
    0x0001f8f4   0x00000058   Code   RO         1900    i.pstorage_block_identifier_get  pstorage.o
    0x0001f94c   0x000000a8   Code   RO         1901    i.pstorage_clear    pstorage.o
    0x0001f9f4   0x00000024   Code   RO         1902    i.pstorage_flash_page_end  pstorage.o
    0x0001fa18   0x0000000a   Code   RO         1903    i.pstorage_flash_page_size  pstorage.o
    0x0001fa22   0x00000002   PAD
    0x0001fa24   0x0000005c   Code   RO         1904    i.pstorage_init     pstorage.o
    0x0001fa80   0x000000ac   Code   RO         1905    i.pstorage_load     pstorage.o
    0x0001fb2c   0x000000bc   Code   RO         1906    i.pstorage_register  pstorage.o
    0x0001fbe8   0x00000094   Code   RO         1907    i.pstorage_store    pstorage.o
    0x0001fc7c   0x0000004c   Code   RO         1908    i.pstorage_sys_event_handler  pstorage.o
    0x0001fcc8   0x00000094   Code   RO         1909    i.pstorage_update   pstorage.o
    0x0001fd5c   0x0000004c   Code   RO           24    i.reset_prepare     main.o
    0x0001fda8   0x00000044   Code   RO         2470    i.rtc1_stop         app_timer.o
    0x0001fdec   0x00000038   Code   RO         1729    i.rx_byte           nrf_drv_uart.o
    0x0001fe24   0x0000001c   Code   RO         1730    i.rx_done_event     nrf_drv_uart.o
    0x0001fe40   0x00000010   Code   RO         3154    i.sd_check_ram_start  softdevice_handler.o
    0x0001fe50   0x0000008c   Code   RO         3155    i.sd_nvic_EnableIRQ  softdevice_handler.o
    0x0001fedc   0x0000008e   Code   RO          576    i.service_data_encode  ble_advdata.o
    0x0001ff6a   0x00000002   PAD
    0x0001ff6c   0x000000a4   Code   RO           25    i.services_init     main.o
    0x00020010   0x00000028   Code   RO           26    i.sleep_mode_enter  main.o
    0x00020038   0x00000048   Code   RO         1910    i.sm_state_change   pstorage.o
    0x00020080   0x00000014   Code   RO         3156    i.softdevice_ble_evt_handler_set  softdevice_handler.o
    0x00020094   0x00000014   Code   RO         3157    i.softdevice_enable  softdevice_handler.o
    0x000200a8   0x00000028   Code   RO         3158    i.softdevice_enable_get_default_config  softdevice_handler.o
    0x000200d0   0x00000008   Code   RO         3159    i.softdevice_fault_handler  softdevice_handler.o
    0x000200d8   0x00000034   Code   RO         3160    i.softdevice_handler_init  softdevice_handler.o
    0x0002010c   0x00000014   Code   RO         3163    i.softdevice_sys_evt_handler_set  softdevice_handler.o
    0x00020120   0x00000064   Code   RO         1911    i.state_data_erase_swap_entry_run  pstorage.o
    0x00020184   0x00000010   Code   RO         1912    i.state_erase_data_page_entry_run  pstorage.o
    0x00020194   0x00000028   Code   RO         1913    i.state_restore_head_entry_run  pstorage.o
    0x000201bc   0x0000004c   Code   RO         1914    i.state_restore_tail_entry_run  pstorage.o
    0x00020208   0x00000020   Code   RO         1915    i.state_swap_erase_entry_run  pstorage.o
    0x00020228   0x00000030   Code   RO         1916    i.state_write_data_swap_entry_run  pstorage.o
    0x00020258   0x00000004   Code   RO         1145    i.storage_operation_dummy_handler  device_manager_peripheral.o
    0x0002025c   0x0000005c   Code   RO         1917    i.store_cmd_flash_write_execute  pstorage.o
    0x000202b8   0x0000001c   Code   RO         1918    i.swap_erase_state_run  pstorage.o
    0x000202d4   0x00000018   Code   RO         1919    i.swap_sub_state_err_busy_process  pstorage.o
    0x000202ec   0x00000014   Code   RO         1920    i.swap_sub_state_state_change  pstorage.o
    0x00020300   0x00000010   Code   RO           27    i.sys_evt_dispatch  main.o
    0x00020310   0x0000001c   Code   RO         1921    i.tail_restore_state_run  pstorage.o
    0x0002032c   0x00000084   Code   RO         2471    i.timer_list_handler  app_timer.o
    0x000203b0   0x00000010   Code   RO         2472    i.timer_list_handler_sched  app_timer.o
    0x000203c0   0x00000040   Code   RO         2473    i.timer_list_insert  app_timer.o
    0x00020400   0x00000080   Code   RO         2474    i.timer_timeouts_check  app_timer.o
    0x00020480   0x00000098   Code   RO         2138    i.twi_clear_bus     nrf_drv_twi.o
    0x00020518   0x0000008c   Code   RO         2139    i.twi_rx_start_transfer  nrf_drv_twi.o
    0x000205a4   0x0000002e   Code   RO         2140    i.twi_send_byte     nrf_drv_twi.o
    0x000205d2   0x00000106   Code   RO         2141    i.twi_transfer      nrf_drv_twi.o
    0x000206d8   0x0000008c   Code   RO         2142    i.twi_tx_start_transfer  nrf_drv_twi.o
    0x00020764   0x0000008c   Code   RO         2143    i.twi_xfer          nrf_drv_twi.o
    0x000207f0   0x0000002c   Code   RO         1732    i.tx_byte           nrf_drv_uart.o
    0x0002081c   0x00000020   Code   RO         1733    i.tx_done_event     nrf_drv_uart.o
    0x0002083c   0x00000128   Code   RO         1734    i.uart_irq_handler  nrf_drv_uart.o
    0x00020964   0x0000000a   Code   RO          577    i.uint16_encode     ble_advdata.o
    0x0002096e   0x00000002   PAD
    0x00020970   0x00000014   Code   RO         1146    i.update_status_bit_reset  device_manager_peripheral.o
    0x00020984   0x00000064   Code   RO          779    i.update_timeout_handler  ble_conn_params.o
    0x000209e8   0x00000054   Code   RO         2475    i.user_id_get       app_timer.o
    0x00020a3c   0x00000026   Code   RO         2476    i.user_op_alloc     app_timer.o
    0x00020a62   0x00000030   Code   RO          578    i.uuid_list_encode  ble_advdata.o
    0x00020a92   0x000000ae   Code   RO          579    i.uuid_list_sized_encode  ble_advdata.o
    0x00020b40   0x00000010   Code   RO          659    i.whitelist_has_entries  ble_advertising.o
    0x00020b50   0x00000028   Data   RO           29    .constdata          main.o
    0x00020b78   0x0000003c   Data   RO          423    .constdata          bsp.o
    0x00020bb4   0x00000004   Data   RO          781    .constdata          ble_conn_params.o
    0x00020bb8   0x00000010   Data   RO          851    .constdata          ble_dfu.o
    0x00020bc8   0x00000034   Data   RO         1148    .constdata          device_manager_peripheral.o
    0x00020bfc   0x00000028   Data   RO         1923    .constdata          pstorage.o
    0x00020c24   0x0000001c   Data   RO         2145    .constdata          nrf_drv_twi.o
    0x00020c40   0x00000041   Data   RO         1474    .conststring        nrf_drv_common.o
    0x00020c81   0x00000003   PAD
    0x00020c84   0x00000042   Data   RO         2146    .conststring        nrf_drv_twi.o
    0x00020cc6   0x00000002   PAD
    0x00020cc8   0x00000020   Data   RO         3385    Region$$Table       anon$$obj.o


    Execution Region RW_IRAM1 (Base: 0x20002080, Size: 0x00004ec8, Max: 0x00005f80, ABSOLUTE, COMPRESSED[0x00000040])

    Base Addr    Size         Type   Attr      Idx    E Section Name        Object

    0x20002080   0x0000002c   Data   RW           31    .data               main.o
    0x200020ac   0x00000001   Data   RW           32    .data               main.o
    0x200020ad   0x00000003   PAD
    0x200020b0   0x00000020   Data   RW           36    .data               main.o
    0x200020d0   0x00000018   Data   RW          424    .data               bsp.o
    0x200020e8   0x00000020   Data   RW          425    .data               bsp.o
    0x20002108   0x00000020   Data   RW          426    .data               bsp.o
    0x20002128   0x00000020   Data   RW          427    .data               bsp.o
    0x20002148   0x0000001f   Data   RW          661    .data               ble_advertising.o
    0x20002167   0x00000001   PAD
    0x20002168   0x00000020   Data   RW          782    .data               ble_conn_params.o
    0x20002188   0x00000014   Data   RW          783    .data               ble_conn_params.o
    0x2000219c   0x00000008   Data   RW          852    .data               ble_dfu.o
    0x200021a4   0x0000001c   Data   RW          978    .data               ble_hrs.o
    0x200021c0   0x00000018   Data   RW         1149    .data               device_manager_peripheral.o
    0x200021d8   0x00000024   Data   RW         1924    .data               pstorage.o
    0x200021fc   0x00000020   Data   RW         2477    .data               app_timer.o
    0x2000221c   0x00000008   Data   RW         2681    .data               dfu_app_handler.o
    0x20002224   0x0000001c   Data   RW         3164    .data               softdevice_handler.o
    0x20002240   0x00000004   Data   RW         3257    .data               system_nrf51.o
    0x20002244   0x00003ef0   Zero   RW           28    .bss                main.o
    0x20006134   0x0000000c   Zero   RW          422    .bss                bsp.o
    0x20006140   0x00000103   Zero   RW          660    .bss                ble_advertising.o
    0x20006243   0x00000001   PAD
    0x20006244   0x0000001c   Zero   RW          780    .bss                ble_conn_params.o
    0x20006260   0x0000014f   Zero   RW         1147    .bss                device_manager_peripheral.o
    0x200063af   0x00000001   PAD
    0x200063b0   0x00000048   Zero   RW         1536    .bss                nrf_drv_gpiote.o
    0x200063f8   0x0000001c   Zero   RW         1735    .bss                nrf_drv_uart.o
    0x20006414   0x00000274   Zero   RW         1922    .bss                pstorage.o
    0x20006688   0x00000028   Zero   RW         2144    .bss                nrf_drv_twi.o
    0x200066b0   0x0000003c   Zero   RW         2680    .bss                dfu_app_handler.o
    0x200066ec   0x00000058   Zero   RW         2745    .bss                fstorage.o
    0x20006744   0x00000004   PAD
    0x20006748   0x00000800   Zero   RW         3245    STACK               arm_startup_nrf51.o


==============================================================================

Image component sizes


      Code (inc. data)   RO Data    RW Data    ZI Data      Debug   Object Name

        24          4          0          0          0       2209   app_error.o
        28         10          0          0          0       7086   app_error_weak.o
      1696        150          0         32          0      30407   app_timer.o
        56         18        192          0       2048        700   arm_startup_nrf51.o
      1588          6          0          0          0      20112   ble_advdata.o
       998         32          0         31        259       9193   ble_advertising.o
         0          0          0          0          0       6808   ble_bas.o
       476         62          4         52         28       7175   ble_conn_params.o
      1024         50         16          8          0      14444   ble_dfu.o
       890         64          0         28          0      11504   ble_hrs.o
        60          2          0          0          0       1236   bootloader_util.o
       778         66         60        120         12      10082   bsp.o
        20          0          0          0          0        621   bsp_btn_ble.o
      3760        330         52         24        335      38870   device_manager_peripheral.o
       368         40          0          8         60      13688   dfu_app_handler.o
        24          6          0          0         88       3732   fstorage.o
      3784        382         40         77      16112     124590   main.o
        24          6          0          0          0       2694   nrf_assert.o
        58          4          0          0          0       1747   nrf_delay.o
       120         22         65          0          0       8636   nrf_drv_common.o
       408         46          0          0         72      13928   nrf_drv_gpiote.o
      1684        114         94          0         40      30351   nrf_drv_twi.o
       490         58          0          0         28      20593   nrf_drv_uart.o
      2870        272         40         36        628      38650   pstorage.o
       468         62          0         28          0      19205   softdevice_handler.o
       232         36          0          4          0       2319   system_nrf51.o

    ----------------------------------------------------------------------
     21956       1842        600        452      19716     440580   Object Totals
         0          0         32          0          0          0   (incl. Generated)
        28          0          5          4          6          0   (incl. Padding)

    ----------------------------------------------------------------------

      Code (inc. data)   RO Data    RW Data    ZI Data      Debug   Library Member Name

        86          0          0          0          0          0   __dczerorl2.o
         0          0          0          0          0          0   entry.o
         0          0          0          0          0          0   entry10a.o
         0          0          0          0          0          0   entry11a.o
         8          4          0          0          0          0   entry2.o
         4          0          0          0          0          0   entry5.o
         0          0          0          0          0          0   entry7b.o
         0          0          0          0          0          0   entry8b.o
         8          4          0          0          0          0   entry9a.o
        30          0          0          0          0          0   handlers.o
        40          0          0          0          0         72   idiv.o
        36          8          0          0          0         68   init.o
         0          0          0          0          0          0   iusefp.o
        32          0          0          0          0         68   llshl.o
        38          0          0          0          0         68   llsshr.o
        34          0          0          0          0         68   llushr.o
        26          0          0          0          0         72   memcmp.o
        64          0          0          0          0         68   memmovea.o
        36          0          0          0          0        100   memseta.o
        14          0          0          0          0         60   strlen.o
        44          0          0          0          0         72   uidiv.o
       356          4          0          0          0        140   dadd.o
       236          0          0          0          0        216   depilogue.o
        60         10          0          0          0         68   dfixui.o
        28          4          0          0          0         68   dfltui.o
        44          0          0          0          0         72   dscalb.o

    ----------------------------------------------------------------------
      1228         34          0          0          0       1280   Library Totals
         4          0          0          0          0          0   (incl. Padding)

    ----------------------------------------------------------------------

      Code (inc. data)   RO Data    RW Data    ZI Data      Debug   Library Name

       500         16          0          0          0        716   mc_p.l
       724         18          0          0          0        564   mf_p.l

    ----------------------------------------------------------------------
      1228         34          0          0          0       1280   Library Totals

    ----------------------------------------------------------------------

==============================================================================


      Code (inc. data)   RO Data    RW Data    ZI Data      Debug   

     23184       1876        600        452      19716     431924   Grand Totals
     23184       1876        600         64      19716     431924   ELF Image Totals (compressed)
     23184       1876        600         64          0          0   ROM Totals

==============================================================================

    Total RO  Size (Code + RO Data)                23784 (  23.23kB)
    Total RW  Size (RW Data + ZI Data)             20168 (  19.70kB)
    Total ROM Size (Code + RO Data + RW Data)      23848 (  23.29kB)

==============================================================================

